<html>
<body>
<pre>
<h1>µVision Build Log</h1>
<h2>Project:</h2>
C:\Keil_v5\EE319KwareFall2018\lab10-ee319k-sihyung_garrett_lab10\lab10-SDCARDInit\SDCFile.uvproj
Project File Date:  12/04/2018

<h2>Output:</h2>
Build target 'SDCFile'
linking...
Program Size: Code=11808 RO-data=2100 RW-data=11160 ZI-data=3464  
".\SDCFile.axf" - 0 Error(s), 0 Warning(s).
Load "C:\\Keil_v5\\EE319KwareFall2018\\lab10-ee319k-sihyung_garrett_lab10\\lab10-SDCARDInit\\SDCFile.axf" 
Connecting: Mode=JTAG, Speed=1000000Hz
Erase Done.
Programming Done.
Verify OK.
</pre>
</body>
</html>
