ARM Linker, 5.03 [Build 76] [MDK-ARM Lite]

==============================================================================

Section Cross References

    startup.o(STACK) refers (Special) to heapauxi.o(.text) for __use_two_region_memory
    startup.o(HEAP) refers (Special) to heapauxi.o(.text) for __use_two_region_memory
    startup.o(RESET) refers (Special) to heapauxi.o(.text) for __use_two_region_memory
    startup.o(RESET) refers to startup.o(STACK) for StackMem
    startup.o(RESET) refers to sound.o(i.SysTick_Handler) for SysTick_Handler
    startup.o(RESET) refers to uart.o(i.UART1_Handler) for UART1_Handler
    startup.o(RESET) refers to timer1.o(i.Timer1A_Handler) for Timer1A_Handler
    startup.o(RESET) refers to diskio.o(i.Timer5A_Handler) for Timer5A_Handler
    startup.o(RESET) refers to __main.o(!!!main) for __main
    startup.o(.text) refers (Special) to heapauxi.o(.text) for __use_two_region_memory
    startup.o(.text) refers to startup.o(HEAP) for HeapMem
    startup.o(.text) refers to startup.o(STACK) for StackMem
    diskio.o(i.SSI0_Init) refers to diskio.o(i.Timer5_Init) for Timer5_Init
    diskio.o(i.SSI0_Init) refers to diskio.o(i.CS_Init) for CS_Init
    diskio.o(i.Timer5A_Handler) refers to diskio.o(i.disk_timerproc) for disk_timerproc
    diskio.o(i.deselect) refers to diskio.o(i.xchg_spi) for xchg_spi
    diskio.o(i.disk_initialize) refers to diskio.o(i.init_spi) for init_spi
    diskio.o(i.disk_initialize) refers to diskio.o(i.xchg_spi) for xchg_spi
    diskio.o(i.disk_initialize) refers to diskio.o(i.send_cmd) for send_cmd
    diskio.o(i.disk_initialize) refers to diskio.o(i.deselect) for deselect
    diskio.o(i.disk_initialize) refers to diskio.o(.data) for Stat
    diskio.o(i.disk_ioctl) refers to diskio.o(i.select) for select
    diskio.o(i.disk_ioctl) refers to diskio.o(i.send_cmd) for send_cmd
    diskio.o(i.disk_ioctl) refers to diskio.o(i.rcvr_datablock) for rcvr_datablock
    diskio.o(i.disk_ioctl) refers to diskio.o(i.xchg_spi) for xchg_spi
    diskio.o(i.disk_ioctl) refers to diskio.o(i.wait_ready) for wait_ready
    diskio.o(i.disk_ioctl) refers to diskio.o(i.deselect) for deselect
    diskio.o(i.disk_ioctl) refers to diskio.o(.data) for Stat
    diskio.o(i.disk_read) refers to diskio.o(i.send_cmd) for send_cmd
    diskio.o(i.disk_read) refers to diskio.o(i.rcvr_datablock) for rcvr_datablock
    diskio.o(i.disk_read) refers to diskio.o(i.deselect) for deselect
    diskio.o(i.disk_read) refers to diskio.o(.data) for Stat
    diskio.o(i.disk_status) refers to diskio.o(.data) for Stat
    diskio.o(i.disk_timerproc) refers to diskio.o(.data) for Timer1
    diskio.o(i.disk_write) refers to diskio.o(i.send_cmd) for send_cmd
    diskio.o(i.disk_write) refers to diskio.o(i.xmit_datablock) for xmit_datablock
    diskio.o(i.disk_write) refers to diskio.o(i.deselect) for deselect
    diskio.o(i.disk_write) refers to diskio.o(.data) for Stat
    diskio.o(i.init_spi) refers to diskio.o(i.SSI0_Init) for SSI0_Init
    diskio.o(i.init_spi) refers to diskio.o(.data) for Timer1
    diskio.o(i.rcvr_datablock) refers to diskio.o(i.xchg_spi) for xchg_spi
    diskio.o(i.rcvr_datablock) refers to diskio.o(i.rcvr_spi_multi) for rcvr_spi_multi
    diskio.o(i.rcvr_datablock) refers to diskio.o(.data) for Timer1
    diskio.o(i.rcvr_spi_multi) refers to diskio.o(i.rcvr_spi) for rcvr_spi
    diskio.o(i.select) refers to diskio.o(i.xchg_spi) for xchg_spi
    diskio.o(i.select) refers to diskio.o(i.wait_ready) for wait_ready
    diskio.o(i.select) refers to diskio.o(i.deselect) for deselect
    diskio.o(i.send_cmd) refers to diskio.o(i.deselect) for deselect
    diskio.o(i.send_cmd) refers to diskio.o(i.select) for select
    diskio.o(i.send_cmd) refers to diskio.o(i.xchg_spi) for xchg_spi
    diskio.o(i.wait_ready) refers to diskio.o(i.xchg_spi) for xchg_spi
    diskio.o(i.wait_ready) refers to diskio.o(.data) for Timer2
    diskio.o(i.xmit_datablock) refers to diskio.o(i.wait_ready) for wait_ready
    diskio.o(i.xmit_datablock) refers to diskio.o(i.xchg_spi) for xchg_spi
    diskio.o(i.xmit_datablock) refers to diskio.o(i.xmit_spi_multi) for xmit_spi_multi
    ff.o(i.check_fs) refers to ff.o(i.move_window) for move_window
    ff.o(i.create_chain) refers to ff.o(i.get_fat) for get_fat
    ff.o(i.create_chain) refers to ff.o(i.put_fat) for put_fat
    ff.o(i.create_name) refers to ff.o(i.mem_set) for mem_set
    ff.o(i.create_name) refers to ff.o(i.chk_chr) for chk_chr
    ff.o(i.dir_alloc) refers to ff.o(i.dir_sdi) for dir_sdi
    ff.o(i.dir_alloc) refers to ff.o(i.move_window) for move_window
    ff.o(i.dir_alloc) refers to ff.o(i.dir_next) for dir_next
    ff.o(i.dir_find) refers to ff.o(i.dir_sdi) for dir_sdi
    ff.o(i.dir_find) refers to ff.o(i.move_window) for move_window
    ff.o(i.dir_find) refers to ff.o(i.mem_cmp) for mem_cmp
    ff.o(i.dir_find) refers to ff.o(i.dir_next) for dir_next
[...]
    st7735.o(i.fillmessage) refers to st7735.o(.bss) for Message
    st7735.o(i.fillmessage) refers to st7735.o(.data) for Messageindex
    st7735.o(i.fputc) refers to st7735.o(i.ST7735_OutChar) for ST7735_OutChar
    st7735.o(i.pushColor) refers to st7735.o(i.writedata) for writedata
    st7735.o(i.setAddrWindow) refers to st7735.o(i.writecommand) for writecommand
    st7735.o(i.setAddrWindow) refers to st7735.o(i.writedata) for writedata
    st7735.o(i.setAddrWindow) refers to st7735.o(.data) for ColStart
    adc.o(i.Controllers_Init) refers to adc.o(i.Joystick_ADC_Init) for Joystick_ADC_Init
    sound.o(i.Sound_Init) refers to dac.o(i.DAC_Init) for DAC_Init
    sound.o(i.SysTick_Handler) refers to dac.o(i.DAC_Out) for DAC_Out
    sound.o(i.SysTick_Handler) refers to sound.o(.data) for Index
    sound.o(i.SysTick_Handler) refers to sound.o(.bss) for buffer3music
    timer1.o(i.Timer1A_Handler) refers to uart.o(i.Uart_OutChar) for Uart_OutChar
    timer1.o(i.Timer1A_Handler) refers to timer1.o(.data) for message
    uart.o(i.UART1_Handler) refers to fifo.o(i.Fifo_Put) for Fifo_Put
    uart.o(i.UART1_Handler) refers to uart.o(.data) for data
    fifo.o(i.Fifo_Get) refers to fifo.o(.data) for GetI
    fifo.o(i.Fifo_Init) refers to fifo.o(.data) for PutI
    fifo.o(i.Fifo_Put) refers to fifo.o(.data) for PutI
    __main.o(!!!main) refers to rtentry.o(.ARM.Collect$$rtentry$$00000000) for __rt_entry
    rtentry.o(.ARM.Collect$$rtentry$$00000000) refers (Special) to rtentry2.o(.ARM.Collect$$rtentry$$0000000A) for __rt_entry_li
    rtentry.o(.ARM.Collect$$rtentry$$00000000) refers (Special) to rtentry2.o(.ARM.Collect$$rtentry$$0000000D) for __rt_entry_main
    rtentry.o(.ARM.Collect$$rtentry$$00000000) refers (Special) to rtentry2.o(.ARM.Collect$$rtentry$$0000000C) for __rt_entry_postli_1
    rtentry.o(.ARM.Collect$$rtentry$$00000000) refers (Special) to rtentry2.o(.ARM.Collect$$rtentry$$00000009) for __rt_entry_postsh_1
    rtentry.o(.ARM.Collect$$rtentry$$00000000) refers (Special) to rtentry2.o(.ARM.Collect$$rtentry$$00000002) for __rt_entry_presh_1
    rtentry.o(.ARM.Collect$$rtentry$$00000000) refers (Special) to rtentry4.o(.ARM.Collect$$rtentry$$00000004) for __rt_entry_sh
    rtentry2.o(.ARM.Collect$$rtentry$$00000008) refers to boardinit2.o(.text) for _platform_post_stackheap_init
    rtentry2.o(.ARM.Collect$$rtentry$$0000000A) refers to libinit.o(.ARM.Collect$$libinit$$00000000) for __rt_lib_init
    rtentry2.o(.ARM.Collect$$rtentry$$0000000B) refers to boardinit3.o(.text) for _platform_post_lib_init
    rtentry2.o(.ARM.Collect$$rtentry$$0000000D) refers to sdcfile.o(i.main) for main
    rtentry2.o(.ARM.Collect$$rtentry$$0000000D) refers to exit.o(.text) for exit
    rtentry2.o(.ARM.exidx) refers to rtentry2.o(.ARM.Collect$$rtentry$$00000001) for .ARM.Collect$$rtentry$$00000001
    rtentry2.o(.ARM.exidx) refers to rtentry2.o(.ARM.Collect$$rtentry$$00000008) for .ARM.Collect$$rtentry$$00000008
    rtentry2.o(.ARM.exidx) refers to rtentry2.o(.ARM.Collect$$rtentry$$0000000A) for .ARM.Collect$$rtentry$$0000000A
    rtentry2.o(.ARM.exidx) refers to rtentry2.o(.ARM.Collect$$rtentry$$0000000B) for .ARM.Collect$$rtentry$$0000000B
    rtentry2.o(.ARM.exidx) refers to rtentry2.o(.ARM.Collect$$rtentry$$0000000D) for .ARM.Collect$$rtentry$$0000000D
    rtentry4.o(.ARM.Collect$$rtentry$$00000004) refers to sys_stackheap_outer.o(.text) for __user_setup_stackheap
    rtentry4.o(.ARM.exidx) refers to rtentry4.o(.ARM.Collect$$rtentry$$00000004) for .ARM.Collect$$rtentry$$00000004
    sys_stackheap_outer.o(.text) refers to libspace.o(.text) for __user_perproc_libspace
    sys_stackheap_outer.o(.text) refers to startup.o(.text) for __user_initial_stackheap
    exit.o(.text) refers to rtexit.o(.ARM.Collect$$rtexit$$00000000) for __rt_exit
    libinit.o(.ARM.Collect$$libinit$$00000000) refers (Special) to libinit2.o(.ARM.Collect$$libinit$$0000002C) for __rt_lib_init_alloca_1
    libinit.o(.ARM.Collect$$libinit$$00000000) refers (Special) to libinit2.o(.ARM.Collect$$libinit$$0000002A) for __rt_lib_init_argv_1
    libinit.o(.ARM.Collect$$libinit$$00000000) refers (Special) to libinit2.o(.ARM.Collect$$libinit$$00000019) for __rt_lib_init_atexit_1
    libinit.o(.ARM.Collect$$libinit$$00000000) refers (Special) to libinit2.o(.ARM.Collect$$libinit$$0000001F) for __rt_lib_init_clock_1
    libinit.o(.ARM.Collect$$libinit$$00000000) refers (Special) to libinit2.o(.ARM.Collect$$libinit$$00000030) for __rt_lib_init_cpp_1
    libinit.o(.ARM.Collect$$libinit$$00000000) refers (Special) to libinit2.o(.ARM.Collect$$libinit$$0000002E) for __rt_lib_init_exceptions_1
    libinit.o(.ARM.Collect$$libinit$$00000000) refers (Special) to libinit2.o(.ARM.Collect$$libinit$$00000002) for __rt_lib_init_fp_1
    libinit.o(.ARM.Collect$$libinit$$00000000) refers (Special) to libinit2.o(.ARM.Collect$$libinit$$0000001D) for __rt_lib_init_fp_trap_1
    libinit.o(.ARM.Collect$$libinit$$00000000) refers (Special) to libinit2.o(.ARM.Collect$$libinit$$00000021) for __rt_lib_init_getenv_1
    libinit.o(.ARM.Collect$$libinit$$00000000) refers (Special) to libinit2.o(.ARM.Collect$$libinit$$00000008) for __rt_lib_init_heap_1
    libinit.o(.ARM.Collect$$libinit$$00000000) refers (Special) to libinit2.o(.ARM.Collect$$libinit$$0000000F) for __rt_lib_init_lc_collate_1
    libinit.o(.ARM.Collect$$libinit$$00000000) refers (Special) to libinit2.o(.ARM.Collect$$libinit$$00000011) for __rt_lib_init_lc_ctype_1
    libinit.o(.ARM.Collect$$libinit$$00000000) refers (Special) to libinit2.o(.ARM.Collect$$libinit$$00000013) for __rt_lib_init_lc_monetary_1
    libinit.o(.ARM.Collect$$libinit$$00000000) refers (Special) to libinit2.o(.ARM.Collect$$libinit$$00000015) for __rt_lib_init_lc_numeric_1
    libinit.o(.ARM.Collect$$libinit$$00000000) refers (Special) to libinit2.o(.ARM.Collect$$libinit$$00000017) for __rt_lib_init_lc_time_1
    libinit.o(.ARM.Collect$$libinit$$00000000) refers (Special) to libinit2.o(.ARM.Collect$$libinit$$0000000C) for __rt_lib_init_rand_1
    libinit.o(.ARM.Collect$$libinit$$00000000) refers (Special) to libinit2.o(.ARM.Collect$$libinit$$00000031) for __rt_lib_init_return
    libinit.o(.ARM.Collect$$libinit$$00000000) refers (Special) to libinit2.o(.ARM.Collect$$libinit$$0000001B) for __rt_lib_init_signal_1
    libinit.o(.ARM.Collect$$libinit$$00000000) refers (Special) to libinit2.o(.ARM.Collect$$libinit$$00000023) for __rt_lib_init_stdio_1
    libinit.o(.ARM.Collect$$libinit$$00000000) refers (Special) to libinit2.o(.ARM.Collect$$libinit$$0000000A) for __rt_lib_init_user_alloc_1
    libspace.o(.text) refers to libspace.o(.bss) for __libspace_start
    rtexit.o(.ARM.Collect$$rtexit$$00000000) refers (Special) to rtexit2.o(.ARM.Collect$$rtexit$$00000004) for __rt_exit_exit
    rtexit.o(.ARM.Collect$$rtexit$$00000000) refers (Special) to rtexit2.o(.ARM.Collect$$rtexit$$00000003) for __rt_exit_ls
    rtexit.o(.ARM.Collect$$rtexit$$00000000) refers (Special) to rtexit2.o(.ARM.Collect$$rtexit$$00000002) for __rt_exit_prels_1
    rtexit.o(.ARM.exidx) refers (Special) to rtexit2.o(.ARM.Collect$$rtexit$$00000004) for __rt_exit_exit
    rtexit.o(.ARM.exidx) refers (Special) to rtexit2.o(.ARM.Collect$$rtexit$$00000003) for __rt_exit_ls
    rtexit.o(.ARM.exidx) refers (Special) to rtexit2.o(.ARM.Collect$$rtexit$$00000002) for __rt_exit_prels_1
    rtexit.o(.ARM.exidx) refers to rtexit.o(.ARM.Collect$$rtexit$$00000000) for .ARM.Collect$$rtexit$$00000000
    libinit2.o(.ARM.Collect$$libinit$$0000000E) refers to libinit2.o(.ARM.Collect$$libinit$$0000000D) for .ARM.Collect$$libinit$$0000000D
    libinit2.o(.ARM.Collect$$libinit$$00000010) refers to libinit2.o(.ARM.Collect$$libinit$$0000000D) for .ARM.Collect$$libinit$$0000000D
    libinit2.o(.ARM.Collect$$libinit$$00000012) refers to libinit2.o(.ARM.Collect$$libinit$$0000000D) for .ARM.Collect$$libinit$$0000000D
    libinit2.o(.ARM.Collect$$libinit$$00000014) refers to libinit2.o(.ARM.Collect$$libinit$$0000000D) for .ARM.Collect$$libinit$$0000000D
    libinit2.o(.ARM.Collect$$libinit$$00000016) refers to libinit2.o(.ARM.Collect$$libinit$$0000000D) for .ARM.Collect$$libinit$$0000000D
    libinit2.o(.ARM.Collect$$libinit$$00000024) refers to argv_veneer.o(.emb_text) for __ARM_argv_veneer
    libinit2.o(.ARM.Collect$$libinit$$00000025) refers to argv_veneer.o(.emb_text) for __ARM_argv_veneer
    rtexit2.o(.ARM.Collect$$rtexit$$00000003) refers to libshutdown.o(.ARM.Collect$$libshutdown$$00000000) for __rt_lib_shutdown
    rtexit2.o(.ARM.Collect$$rtexit$$00000004) refers to sys_exit.o(.text) for _sys_exit
    rtexit2.o(.ARM.exidx) refers to rtexit2.o(.ARM.Collect$$rtexit$$00000001) for .ARM.Collect$$rtexit$$00000001
    rtexit2.o(.ARM.exidx) refers to rtexit2.o(.ARM.Collect$$rtexit$$00000003) for .ARM.Collect$$rtexit$$00000003
    rtexit2.o(.ARM.exidx) refers to rtexit2.o(.ARM.Collect$$rtexit$$00000004) for .ARM.Collect$$rtexit$$00000004
    argv_veneer.o(.emb_text) refers to no_argv.o(.text) for __ARM_get_argv
    sys_exit.o(.text) refers (Special) to use_no_semi.o(.text) for __I$use$semihosting
    sys_exit.o(.text) refers (Special) to indicate_semi.o(.text) for __semihosting_library_function
    _get_argv_nomalloc.o(.text) refers (Special) to hrguard.o(.text) for __heap_region$guard
    _get_argv_nomalloc.o(.text) refers to defsig_rtmem_outer.o(.text) for __rt_SIGRTMEM
    _get_argv_nomalloc.o(.text) refers to sys_command.o(.text) for _sys_command_string
    libshutdown.o(.ARM.Collect$$libshutdown$$00000000) refers (Special) to libshutdown2.o(.ARM.Collect$$libshutdown$$00000006) for __rt_lib_shutdown_fp_trap_1
    libshutdown.o(.ARM.Collect$$libshutdown$$00000000) refers (Special) to libshutdown2.o(.ARM.Collect$$libshutdown$$0000000E) for __rt_lib_shutdown_heap_1
    libshutdown.o(.ARM.Collect$$libshutdown$$00000000) refers (Special) to libshutdown2.o(.ARM.Collect$$libshutdown$$0000000F) for __rt_lib_shutdown_return
    libshutdown.o(.ARM.Collect$$libshutdown$$00000000) refers (Special) to libshutdown2.o(.ARM.Collect$$libshutdown$$00000009) for __rt_lib_shutdown_signal_1
    libshutdown.o(.ARM.Collect$$libshutdown$$00000000) refers (Special) to libshutdown2.o(.ARM.Collect$$libshutdown$$00000003) for __rt_lib_shutdown_stdio_1
    libshutdown.o(.ARM.Collect$$libshutdown$$00000000) refers (Special) to libshutdown2.o(.ARM.Collect$$libshutdown$$0000000B) for __rt_lib_shutdown_user_alloc_1
    sys_command.o(.text) refers (Special) to use_no_semi.o(.text) for __I$use$semihosting
    sys_command.o(.text) refers (Special) to indicate_semi.o(.text) for __semihosting_library_function
    defsig_rtmem_outer.o(.text) refers to defsig_rtmem_inner.o(.text) for __rt_SIGRTMEM_inner
    defsig_rtmem_outer.o(.text) refers to defsig_exit.o(.text) for __sig_exit
    defsig_rtmem_formal.o(.text) refers to rt_raise.o(.text) for __rt_raise
    rt_raise.o(.text) refers to __raise.o(.text) for __raise
    rt_raise.o(.text) refers to sys_exit.o(.text) for _sys_exit
    defsig_exit.o(.text) refers to sys_exit.o(.text) for _sys_exit
    defsig_rtmem_inner.o(.text) refers to defsig_general.o(.text) for __default_signal_display
    __raise.o(.text) refers to defsig.o(CL$$defsig) for __default_signal_handler
    defsig_general.o(.text) refers to sys_wrch.o(.text) for _ttywrch
    sys_wrch.o(.text) refers (Special) to use_no_semi.o(.text) for __I$use$semihosting
    sys_wrch.o(.text) refers (Special) to indicate_semi.o(.text) for __semihosting_library_function
    defsig.o(CL$$defsig) refers to defsig_rtmem_inner.o(.text) for __rt_SIGRTMEM_inner
    defsig_abrt_inner.o(.text) refers to defsig_general.o(.text) for __default_signal_display
    defsig_fpe_inner.o(.text) refers to defsig_general.o(.text) for __default_signal_display
    defsig_rtred_inner.o(.text) refers to defsig_general.o(.text) for __default_signal_display
    defsig_stak_inner.o(.text) refers to defsig_general.o(.text) for __default_signal_display
    defsig_pvfn_inner.o(.text) refers to defsig_general.o(.text) for __default_signal_display
    defsig_cppl_inner.o(.text) refers to defsig_general.o(.text) for __default_signal_display
    defsig_segv_inner.o(.text) refers to defsig_general.o(.text) for __default_signal_display
    defsig_other.o(.text) refers to defsig_general.o(.text) for __default_signal_display


==============================================================================

Removing Unused input sections from the image.

    Removing ff.o(i.dir_read), (112 bytes).
    Removing ff.o(i.dir_remove), (54 bytes).
    Removing ff.o(i.f_chdir), (84 bytes).
    Removing ff.o(i.f_chmod), (96 bytes).
    Removing ff.o(i.f_closedir), (22 bytes).
    Removing ff.o(i.f_getcwd), (274 bytes).
    Removing ff.o(i.f_getfree), (258 bytes).
    Removing ff.o(i.f_getlabel), (190 bytes).
    Removing ff.o(i.f_lseek), (382 bytes).
    Removing ff.o(i.f_mkdir), (364 bytes).
    Removing ff.o(i.f_mkfs), (1608 bytes).
    Removing ff.o(i.f_opendir), (110 bytes).
    Removing ff.o(i.f_readdir), (88 bytes).
    Removing ff.o(i.f_rename), (270 bytes).
    Removing ff.o(i.f_setlabel), (488 bytes).
    Removing ff.o(i.f_stat), (60 bytes).
    Removing ff.o(i.f_truncate), (184 bytes).
    Removing ff.o(i.f_unlink), (190 bytes).
    Removing ff.o(i.f_utime), (98 bytes).
    Removing ff.o(i.f_write), (470 bytes).
    Removing ff.o(i.get_fileinfo), (116 bytes).
    Removing ff.o(.constdata), (44 bytes).
    Removing sdcfile.o(i.checkbutton), (48 bytes).
    Removing st7735.o(i.Output_Clear), (10 bytes).
    Removing st7735.o(i.Output_Color), (12 bytes).
    Removing st7735.o(i.Output_Init), (16 bytes).
    Removing st7735.o(i.Output_Off), (8 bytes).
    Removing st7735.o(i.Output_On), (8 bytes).
    Removing st7735.o(i.ST7735_Color565), (24 bytes).
    Removing st7735.o(i.ST7735_DrawBitmap), (288 bytes).
    Removing st7735.o(i.ST7735_DrawChar), (268 bytes).
    Removing st7735.o(i.ST7735_DrawCharS), (244 bytes).
    Removing st7735.o(i.ST7735_DrawFastHLine), (124 bytes).
    Removing st7735.o(i.ST7735_DrawFastVLine), (124 bytes).
    Removing st7735.o(i.ST7735_DrawPixel), (72 bytes).
    Removing st7735.o(i.ST7735_DrawString), (86 bytes).
    Removing st7735.o(i.ST7735_InitB), (40 bytes).
    Removing st7735.o(i.ST7735_InvertDisplay), (22 bytes).
    Removing st7735.o(i.ST7735_OutChar), (212 bytes).
    Removing st7735.o(i.ST7735_OutString), (24 bytes).
    Removing st7735.o(i.ST7735_OutUDec), (140 bytes).
    Removing st7735.o(i.ST7735_PlotBar), (88 bytes).
    Removing st7735.o(i.ST7735_PlotClear), (92 bytes).
    Removing st7735.o(i.ST7735_PlotLine), (264 bytes).
    Removing st7735.o(i.ST7735_PlotNext), (32 bytes).
    Removing st7735.o(i.ST7735_PlotNextErase), (64 bytes).
    Removing st7735.o(i.ST7735_PlotPoint), (152 bytes).
    Removing st7735.o(i.ST7735_PlotPoints), (172 bytes).
    Removing st7735.o(i.ST7735_PlotdBfs), (60 bytes).
    Removing st7735.o(i.ST7735_SetRotation), (212 bytes).
    Removing st7735.o(i.ST7735_SetTextColor), (12 bytes).
    Removing st7735.o(i.ST7735_SwapColor), (18 bytes).
    Removing st7735.o(i.ferror), (8 bytes).
    Removing st7735.o(i.fgetc), (6 bytes).
    Removing st7735.o(i.fillmessage), (72 bytes).
    Removing st7735.o(i.fputc), (16 bytes).
    Removing st7735.o(i.pushColor), (18 bytes).
    Removing st7735.o(.bss), (12 bytes).
    Removing adc.o(i.Acceleration_In), (24 bytes).
    Removing adc.o(i.Brake_In), (24 bytes).
    Removing adc.o(i.Controllers_Init), (64 bytes).
    Removing adc.o(i.Joystick_ADC_Init), (208 bytes).
    Removing adc.o(i.turnConversion), (92 bytes).
    Removing sound.o(i.Sound_Theme), (2 bytes).
    Removing timer1.o(i.Timer1_Init), (84 bytes).
    Removing timer1.o(i.click), (24 bytes).
    Removing timer1.o(i.delay), (32 bytes).
    Removing uart.o(i.UART1_InMessage), (2 bytes).
    Removing uart.o(i.Uart_InChar), (4 bytes).

69 unused section(s) (total 9190 bytes) removed from the image.

==============================================================================

Image Symbol Table

    Local Symbols

    Symbol Name                              Value     Ov Type        Size  Object(Section)

    RESET                                    0x00000000   Section      644  startup.o(RESET)
    ../clib/angel/boardlib.s                 0x00000000   Number         0  boardshut.o ABSOLUTE
    ../clib/angel/boardlib.s                 0x00000000   Number         0  boardinit2.o ABSOLUTE
    ../clib/angel/boardlib.s                 0x00000000   Number         0  boardinit3.o ABSOLUTE
    ../clib/angel/boardlib.s                 0x00000000   Number         0  boardinit1.o ABSOLUTE
    ../clib/angel/dclz77c.s                  0x00000000   Number         0  __dclz77c.o ABSOLUTE
    ../clib/angel/handlers.s                 0x00000000   Number         0  __scatter_zi.o ABSOLUTE
    ../clib/angel/kernel.s                   0x00000000   Number         0  rtexit2.o ABSOLUTE
    ../clib/angel/kernel.s                   0x00000000   Number         0  rtexit.o ABSOLUTE
    ../clib/angel/kernel.s                   0x00000000   Number         0  rtentry4.o ABSOLUTE
    ../clib/angel/kernel.s                   0x00000000   Number         0  rtentry2.o ABSOLUTE
    ../clib/angel/kernel.s                   0x00000000   Number         0  rtentry.o ABSOLUTE
    ../clib/angel/rt.s                       0x00000000   Number         0  rt_raise.o ABSOLUTE
    ../clib/angel/scatter.s                  0x00000000   Number         0  __scatter.o ABSOLUTE
    ../clib/angel/startup.s                  0x00000000   Number         0  __main.o ABSOLUTE
    ../clib/angel/sys.s                      0x00000000   Number         0  indicate_semi.o ABSOLUTE
    ../clib/angel/sys.s                      0x00000000   Number         0  use_no_semi.o ABSOLUTE
    ../clib/angel/sys.s                      0x00000000   Number         0  libspace.o ABSOLUTE
    ../clib/angel/sys.s                      0x00000000   Number         0  sys_stackheap_outer.o ABSOLUTE
    ../clib/angel/sysapp.c                   0x00000000   Number         0  sys_exit.o ABSOLUTE
    ../clib/angel/sysapp.c                   0x00000000   Number         0  sys_command.o ABSOLUTE
    ../clib/angel/sysapp.c                   0x00000000   Number         0  sys_wrch.o ABSOLUTE
    ../clib/armsys.c                         0x00000000   Number         0  no_argv.o ABSOLUTE
    ../clib/armsys.c                         0x00000000   Number         0  _get_argv_nomalloc.o ABSOLUTE
    ../clib/armsys.c                         0x00000000   Number         0  argv_veneer.o ABSOLUTE
    ../clib/armsys.c                         0x00000000   Number         0  argv_veneer.o ABSOLUTE
    ../clib/heapalloc.c                      0x00000000   Number         0  hrguard.o ABSOLUTE
    ../clib/heapaux.c                        0x00000000   Number         0  heapauxi.o ABSOLUTE
    ../clib/libinit.s                        0x00000000   Number         0  libshutdown2.o ABSOLUTE
    ../clib/libinit.s                        0x00000000   Number         0  libshutdown.o ABSOLUTE
    ../clib/libinit.s                        0x00000000   Number         0  libinit2.o ABSOLUTE
    ../clib/libinit.s                        0x00000000   Number         0  libinit.o ABSOLUTE
    ../clib/signal.c                         0x00000000   Number         0  defsig_rtmem_inner.o ABSOLUTE
    ../clib/signal.c                         0x00000000   Number         0  defsig_exit.o ABSOLUTE
    ../clib/signal.c                         0x00000000   Number         0  defsig_abrt_inner.o ABSOLUTE
    ../clib/signal.c                         0x00000000   Number         0  defsig_fpe_inner.o ABSOLUTE
    ../clib/signal.c                         0x00000000   Number         0  defsig_rtred_inner.o ABSOLUTE
    ../clib/signal.c                         0x00000000   Number         0  defsig_rtmem_outer.o ABSOLUTE
    ../clib/signal.c                         0x00000000   Number         0  defsig_rtmem_formal.o ABSOLUTE
    ../clib/signal.c                         0x00000000   Number         0  defsig_stak_inner.o ABSOLUTE
    ../clib/signal.c                         0x00000000   Number         0  defsig_other.o ABSOLUTE
    ../clib/signal.c                         0x00000000   Number         0  defsig_segv_inner.o ABSOLUTE
    ../clib/signal.c                         0x00000000   Number         0  defsig_cppl_inner.o ABSOLUTE
    ../clib/signal.c                         0x00000000   Number         0  defsig_pvfn_inner.o ABSOLUTE
    ../clib/signal.c                         0x00000000   Number         0  defsig_general.o ABSOLUTE
    ../clib/signal.c                         0x00000000   Number         0  __raise.o ABSOLUTE
    ../clib/signal.s                         0x00000000   Number         0  defsig.o ABSOLUTE
    ../clib/stdlib.c                         0x00000000   Number         0  exit.o ABSOLUTE
    ../fplib/fpinit.s                        0x00000000   Number         0  fpinit.o ABSOLUTE
    ADC.c                                    0x00000000   Number         0  adc.o ABSOLUTE
    DAC.c                                    0x00000000   Number         0  dac.o ABSOLUTE
    Fifo.c                                   0x00000000   Number         0  fifo.o ABSOLUTE
    PLL.c                                    0x00000000   Number         0  pll.o ABSOLUTE
    SDCFile.c                                0x00000000   Number         0  sdcfile.o ABSOLUTE
    ST7735.c                                 0x00000000   Number         0  st7735.o ABSOLUTE
    ST7735.c                                 0x00000000   Number         0  st7735.o ABSOLUTE
    Sound.c                                  0x00000000   Number         0  sound.o ABSOLUTE
    Timer1.c                                 0x00000000   Number         0  timer1.o ABSOLUTE
    Uart.c                                   0x00000000   Number         0  uart.o ABSOLUTE
    dc.s                                     0x00000000   Number         0  dc.o ABSOLUTE
    diskio.c                                 0x00000000   Number         0  diskio.o ABSOLUTE
    ff.c                                     0x00000000   Number         0  ff.o ABSOLUTE
    startup.s                                0x00000000   Number         0  startup.o ABSOLUTE
    !!!main                                  0x00000284   Section        8  __main.o(!!!main)
    !!!scatter                               0x0000028c   Section       52  __scatter.o(!!!scatter)
    !!dclz77c                                0x000002c0   Section      100  __dclz77c.o(!!dclz77c)
    !!handler_zi                             0x00000324   Section       28  __scatter_zi.o(!!handler_zi)
    .ARM.Collect$$libinit$$00000000          0x00000340   Section        2  libinit.o(.ARM.Collect$$libinit$$00000000)
    .ARM.Collect$$libinit$$00000002          0x00000342   Section        0  libinit2.o(.ARM.Collect$$libinit$$00000002)
    .ARM.Collect$$libinit$$00000008          0x00000342   Section        0  libinit2.o(.ARM.Collect$$libinit$$00000008)
    .ARM.Collect$$libinit$$0000000A          0x00000342   Section        0  libinit2.o(.ARM.Collect$$libinit$$0000000A)
    .ARM.Collect$$libinit$$0000000C          0x00000342   Section        0  libinit2.o(.ARM.Collect$$libinit$$0000000C)
    .ARM.Collect$$libinit$$0000000F          0x00000342   Section        0  libinit2.o(.ARM.Collect$$libinit$$0000000F)
    .ARM.Collect$$libinit$$00000011          0x00000342   Section        0  libinit2.o(.ARM.Collect$$libinit$$00000011)
    .ARM.Collect$$libinit$$00000013          0x00000342   Section        0  libinit2.o(.ARM.Collect$$libinit$$00000013)
    .ARM.Collect$$libinit$$00000015          0x00000342   Section        0  libinit2.o(.ARM.Collect$$libinit$$00000015)
    .ARM.Collect$$libinit$$00000017          0x00000342   Section        0  libinit2.o(.ARM.Collect$$libinit$$00000017)
    .ARM.Collect$$libinit$$00000019          0x00000342   Section        0  libinit2.o(.ARM.Collect$$libinit$$00000019)
    .ARM.Collect$$libinit$$0000001B          0x00000342   Section        0  libinit2.o(.ARM.Collect$$libinit$$0000001B)
    .ARM.Collect$$libinit$$0000001D          0x00000342   Section        0  libinit2.o(.ARM.Collect$$libinit$$0000001D)
    .ARM.Collect$$libinit$$0000001F          0x00000342   Section        0  libinit2.o(.ARM.Collect$$libinit$$0000001F)
    .ARM.Collect$$libinit$$00000021          0x00000342   Section        0  libinit2.o(.ARM.Collect$$libinit$$00000021)
    .ARM.Collect$$libinit$$00000023          0x00000342   Section        0  libinit2.o(.ARM.Collect$$libinit$$00000023)
    .ARM.Collect$$libinit$$0000002A          0x00000342   Section        0  libinit2.o(.ARM.Collect$$libinit$$0000002A)
    .ARM.Collect$$libinit$$0000002C          0x00000342   Section        0  libinit2.o(.ARM.Collect$$libinit$$0000002C)
    .ARM.Collect$$libinit$$0000002E          0x00000342   Section        0  libinit2.o(.ARM.Collect$$libinit$$0000002E)
    .ARM.Collect$$libinit$$00000030          0x00000342   Section        0  libinit2.o(.ARM.Collect$$libinit$$00000030)
    .ARM.Collect$$libinit$$00000031          0x00000342   Section        2  libinit2.o(.ARM.Collect$$libinit$$00000031)
    .ARM.Collect$$libshutdown$$00000000      0x00000344   Section        2  libshutdown.o(.ARM.Collect$$libshutdown$$00000000)
    .ARM.Collect$$libshutdown$$00000003      0x00000346   Section        0  libshutdown2.o(.ARM.Collect$$libshutdown$$00000003)
    .ARM.Collect$$libshutdown$$00000006      0x00000346   Section        0  libshutdown2.o(.ARM.Collect$$libshutdown$$00000006)
    .ARM.Collect$$libshutdown$$00000009      0x00000346   Section        0  libshutdown2.o(.ARM.Collect$$libshutdown$$00000009)
    .ARM.Collect$$libshutdown$$0000000B      0x00000346   Section        0  libshutdown2.o(.ARM.Collect$$libshutdown$$0000000B)
    .ARM.Collect$$libshutdown$$0000000E      0x00000346   Section        0  libshutdown2.o(.ARM.Collect$$libshutdown$$0000000E)
    .ARM.Collect$$libshutdown$$0000000F      0x00000346   Section        2  libshutdown2.o(.ARM.Collect$$libshutdown$$0000000F)
    .ARM.Collect$$rtentry$$00000000          0x00000348   Section        0  rtentry.o(.ARM.Collect$$rtentry$$00000000)
    .ARM.Collect$$rtentry$$00000002          0x00000348   Section        0  rtentry2.o(.ARM.Collect$$rtentry$$00000002)
    .ARM.Collect$$rtentry$$00000004          0x00000348   Section        6  rtentry4.o(.ARM.Collect$$rtentry$$00000004)
    .ARM.Collect$$rtentry$$00000009          0x0000034e   Section        0  rtentry2.o(.ARM.Collect$$rtentry$$00000009)
    .ARM.Collect$$rtentry$$0000000A          0x0000034e   Section        4  rtentry2.o(.ARM.Collect$$rtentry$$0000000A)
    .ARM.Collect$$rtentry$$0000000C          0x00000352   Section        0  rtentry2.o(.ARM.Collect$$rtentry$$0000000C)
    .ARM.Collect$$rtentry$$0000000D          0x00000352   Section        8  rtentry2.o(.ARM.Collect$$rtentry$$0000000D)
    .ARM.Collect$$rtexit$$00000000           0x0000035a   Section        2  rtexit.o(.ARM.Collect$$rtexit$$00000000)
    .ARM.Collect$$rtexit$$00000002           0x0000035c   Section        0  rtexit2.o(.ARM.Collect$$rtexit$$00000002)
    .ARM.Collect$$rtexit$$00000003           0x0000035c   Section        4  rtexit2.o(.ARM.Collect$$rtexit$$00000003)
    .ARM.Collect$$rtexit$$00000004           0x00000360   Section        6  rtexit2.o(.ARM.Collect$$rtexit$$00000004)
    .emb_text                                0x00000368   Section        6  st7735.o(.emb_text)
    .text                                    0x00000370   Section       48  startup.o(.text)
    .text                                    0x000003a0   Section        0  heapauxi.o(.text)
    .text                                    0x000003a6   Section       74  sys_stackheap_outer.o(.text)
    .text                                    0x000003f0   Section        0  exit.o(.text)
    .text                                    0x000003fc   Section        8  libspace.o(.text)
    .text                                    0x00000404   Section        0  sys_exit.o(.text)
    .text                                    0x00000410   Section        2  use_no_semi.o(.text)
    .text                                    0x00000412   Section        0  indicate_semi.o(.text)
    i.CS_Init                                0x00000414   Section        0  diskio.o(i.CS_Init)
    i.DAC_Init                               0x000004c0   Section        0  dac.o(i.DAC_Init)
    i.DAC_Out                                0x00000530   Section        0  dac.o(i.DAC_Out)
    i.Delay1ms                               0x0000053c   Section        0  st7735.o(i.Delay1ms)
    i.Fifo_Get                               0x00000554   Section        0  fifo.o(i.Fifo_Get)
    i.Fifo_Init                              0x00000598   Section        0  fifo.o(i.Fifo_Init)
    i.Fifo_Put                               0x000005ac   Section        0  fifo.o(i.Fifo_Put)
    i.Init                                   0x000005fc   Section        0  sdcfile.o(i.Init)
    i.PLL_Init                               0x00000638   Section        0  pll.o(i.PLL_Init)
    i.PortD_init                             0x000006b4   Section        0  sdcfile.o(i.PortD_init)
    i.PortF2_init                            0x000006f0   Section        0  sdcfile.o(i.PortF2_init)
    i.PortF_init                             0x00000738   Section        0  sdcfile.o(i.PortF_init)
    i.SSI0_Init                              0x0000075c   Section        0  diskio.o(i.SSI0_Init)
    i.ST7735_FillRect                        0x000008a4   Section        0  st7735.o(i.ST7735_FillRect)
    i.ST7735_FillScreen                      0x00000950   Section        0  st7735.o(i.ST7735_FillScreen)
    i.ST7735_InitR                           0x00000974   Section        0  st7735.o(i.ST7735_InitR)
    i.ST7735_SetCursor                       0x000009f0   Section        0  st7735.o(i.ST7735_SetCursor)
    i.Sound_Init                             0x00000a10   Section        0  sound.o(i.Sound_Init)
    i.Sound_Play                             0x00000a48   Section        0  sound.o(i.Sound_Play)
    i.SysTick_Handler                        0x00000a54   Section        0  sound.o(i.SysTick_Handler)
    i.Timer1A_Handler                        0x00000ab0   Section        0  timer1.o(i.Timer1A_Handler)
    i.Timer5A_Handler                        0x00000ae4   Section        0  diskio.o(i.Timer5A_Handler)
    i.Timer5_Init                            0x00000af8   Section        0  diskio.o(i.Timer5_Init)
    i.UART1_Handler                          0x00000b64   Section        0  uart.o(i.UART1_Handler)
    i.Uart_Init                              0x00000bc8   Section        0  uart.o(i.Uart_Init)
    i.Uart_OutChar                           0x00000ca8   Section        0  uart.o(i.Uart_OutChar)
    i.check_fs                               0x00000cc0   Section        0  ff.o(i.check_fs)
    check_fs                                 0x00000cc1   Thumb Code   140  ff.o(i.check_fs)
    i.chk_chr                                0x00000d50   Section        0  ff.o(i.chk_chr)
    chk_chr                                  0x00000d51   Thumb Code    24  ff.o(i.chk_chr)
    i.clust2sect                             0x00000d68   Section        0  ff.o(i.clust2sect)
    i.commandList                            0x00000d82   Section        0  st7735.o(i.commandList)
    commandList                              0x00000d83   Thumb Code    86  st7735.o(i.commandList)
    i.commonInit                             0x00000dd8   Section        0  st7735.o(i.commonInit)
    commonInit                               0x00000dd9   Thumb Code   510  st7735.o(i.commonInit)
    i.convertnumber                          0x00001018   Section        0  sdcfile.o(i.convertnumber)
    i.create_chain                           0x0000107c   Section        0  ff.o(i.create_chain)
    create_chain                             0x0000107d   Thumb Code   214  ff.o(i.create_chain)
    i.create_name                            0x00001154   Section        0  ff.o(i.create_name)
    create_name                              0x00001155   Thumb Code   418  ff.o(i.create_name)
    i.deselect                               0x00001308   Section        0  diskio.o(i.deselect)
    deselect                                 0x00001309   Thumb Code    18  diskio.o(i.deselect)
    i.dir_alloc                              0x00001320   Section        0  ff.o(i.dir_alloc)
    dir_alloc                                0x00001321   Thumb Code    92  ff.o(i.dir_alloc)
    i.dir_find                               0x0000137c   Section        0  ff.o(i.dir_find)
    dir_find                                 0x0000137d   Thumb Code    92  ff.o(i.dir_find)
    i.dir_next                               0x000013d8   Section        0  ff.o(i.dir_next)
    dir_next                                 0x000013d9   Thumb Code   270  ff.o(i.dir_next)
    i.dir_register                           0x000014e6   Section        0  ff.o(i.dir_register)
    dir_register                             0x000014e7   Thumb Code    58  ff.o(i.dir_register)
    i.dir_sdi                                0x00001520   Section        0  ff.o(i.dir_sdi)
    dir_sdi                                  0x00001521   Thumb Code   158  ff.o(i.dir_sdi)
    i.disk_initialize                        0x000015c0   Section        0  diskio.o(i.disk_initialize)
    i.disk_ioctl                             0x0000171c   Section        0  diskio.o(i.disk_ioctl)
    i.disk_read                              0x00001944   Section        0  diskio.o(i.disk_read)
    i.disk_status                            0x000019d4   Section        0  diskio.o(i.disk_status)
    i.disk_timerproc                         0x000019e8   Section        0  diskio.o(i.disk_timerproc)
    i.disk_write                             0x00001a28   Section        0  diskio.o(i.disk_write)
    i.engineadd                              0x00001adc   Section        0  sdcfile.o(i.engineadd)
    i.f_close                                0x00001b28   Section        0  ff.o(i.f_close)
    i.f_mount                                0x00001b48   Section        0  ff.o(i.f_mount)
    i.f_open                                 0x00001ba4   Section        0  ff.o(i.f_open)
    i.f_read                                 0x00001d04   Section        0  ff.o(i.f_read)
    i.f_sync                                 0x00001ea4   Section        0  ff.o(i.f_sync)
    i.find_volume                            0x00001f54   Section        0  ff.o(i.find_volume)
    find_volume                              0x00001f55   Thumb Code   890  ff.o(i.find_volume)
    i.follow_path                            0x000022e0   Section        0  ff.o(i.follow_path)
    follow_path                              0x000022e1   Thumb Code   176  ff.o(i.follow_path)
    i.get_fat                                0x00002390   Section        0  ff.o(i.get_fat)
    i.get_ldnumber                           0x00002482   Section        0  ff.o(i.get_ldnumber)
    get_ldnumber                             0x00002483   Thumb Code    74  ff.o(i.get_ldnumber)
    i.init_spi                               0x000024cc   Section        0  diskio.o(i.init_spi)
    init_spi                                 0x000024cd   Thumb Code    34  diskio.o(i.init_spi)
    i.isMessageValid                         0x000024f8   Section        0  sdcfile.o(i.isMessageValid)
    i.ld_clust                               0x0000254c   Section        0  ff.o(i.ld_clust)
    ld_clust                                 0x0000254d   Thumb Code    32  ff.o(i.ld_clust)
    i.main                                   0x0000256c   Section        0  sdcfile.o(i.main)
    i.mem_cmp                                0x00002598   Section        0  ff.o(i.mem_cmp)
    mem_cmp                                  0x00002599   Thumb Code    38  ff.o(i.mem_cmp)
    i.mem_cpy                                0x000025be   Section        0  ff.o(i.mem_cpy)
    mem_cpy                                  0x000025bf   Thumb Code    26  ff.o(i.mem_cpy)
    i.mem_set                                0x000025d8   Section        0  ff.o(i.mem_set)
    mem_set                                  0x000025d9   Thumb Code    20  ff.o(i.mem_set)
    i.move_window                            0x000025ec   Section        0  ff.o(i.move_window)
    move_window                              0x000025ed   Thumb Code    52  ff.o(i.move_window)
    i.playsection                            0x00002620   Section        0  sdcfile.o(i.playsection)
    i.playsong                               0x000026c4   Section        0  sdcfile.o(i.playsong)
    i.put_fat                                0x0000274c   Section        0  ff.o(i.put_fat)
    i.rcvr_datablock                         0x00002894   Section        0  diskio.o(i.rcvr_datablock)
    rcvr_datablock                           0x00002895   Thumb Code    66  diskio.o(i.rcvr_datablock)
    i.rcvr_spi                               0x000028dc   Section        0  diskio.o(i.rcvr_spi)
    rcvr_spi                                 0x000028dd   Thumb Code    40  diskio.o(i.rcvr_spi)
    i.rcvr_spi_multi                         0x00002908   Section        0  diskio.o(i.rcvr_spi_multi)
    rcvr_spi_multi                           0x00002909   Thumb Code    24  diskio.o(i.rcvr_spi_multi)
    i.receiveUartMessage                     0x00002920   Section        0  sdcfile.o(i.receiveUartMessage)
    i.remove_chain                           0x0000293c   Section        0  ff.o(i.remove_chain)
    remove_chain                             0x0000293d   Thumb Code   108  ff.o(i.remove_chain)
    i.select                                 0x000029a8   Section        0  diskio.o(i.select)
    select                                   0x000029a9   Thumb Code    46  diskio.o(i.select)
    i.send_cmd                               0x000029dc   Section        0  diskio.o(i.send_cmd)
    send_cmd                                 0x000029dd   Thumb Code   150  diskio.o(i.send_cmd)
    i.setAddrWindow                          0x00002a74   Section        0  st7735.o(i.setAddrWindow)
    setAddrWindow                            0x00002a75   Thumb Code   106  st7735.o(i.setAddrWindow)
    i.songselect                             0x00002ae8   Section        0  sdcfile.o(i.songselect)
    i.st_clust                               0x00002b48   Section        0  ff.o(i.st_clust)
    st_clust                                 0x00002b49   Thumb Code    16  ff.o(i.st_clust)
    i.sync_fs                                0x00002b58   Section        0  ff.o(i.sync_fs)
    sync_fs                                  0x00002b59   Thumb Code   200  ff.o(i.sync_fs)
    i.sync_window                            0x00002c20   Section        0  ff.o(i.sync_window)
    sync_window                              0x00002c21   Thumb Code    82  ff.o(i.sync_window)
    i.validate                               0x00002c72   Section        0  ff.o(i.validate)
    validate                                 0x00002c73   Thumb Code    54  ff.o(i.validate)
    i.wait_ready                             0x00002ca8   Section        0  diskio.o(i.wait_ready)
    wait_ready                               0x00002ca9   Thumb Code    42  diskio.o(i.wait_ready)
    i.writecommand                           0x00002cd8   Section        0  st7735.o(i.writecommand)
    writecommand                             0x00002cd9   Thumb Code    68  st7735.o(i.writecommand)
    i.writedata                              0x00002d24   Section        0  st7735.o(i.writedata)
    writedata                                0x00002d25   Thumb Code    72  st7735.o(i.writedata)
    i.xchg_spi                               0x00002d74   Section        0  diskio.o(i.xchg_spi)
    xchg_spi                                 0x00002d75   Thumb Code    48  diskio.o(i.xchg_spi)
    i.xmit_datablock                         0x00002da8   Section        0  diskio.o(i.xmit_datablock)
    xmit_datablock                           0x00002da9   Thumb Code    76  diskio.o(i.xmit_datablock)
    i.xmit_spi_multi                         0x00002df4   Section        0  diskio.o(i.xmit_spi_multi)
    xmit_spi_multi                           0x00002df5   Thumb Code    40  diskio.o(i.xmit_spi_multi)
    .constdata                               0x00002e20   Section       49  sdcfile.o(.constdata)
    .constdata                               0x00002e51   Section     2018  st7735.o(.constdata)
    Font                                     0x00002e51   Data        1275  st7735.o(.constdata)
    Bcmd                                     0x0000334c   Data         103  st7735.o(.constdata)
    Rcmd1                                    0x000033b3   Data          59  st7735.o(.constdata)
    Rcmd2green                               0x000033ee   Data          13  st7735.o(.constdata)
    Rcmd2red                                 0x000033fb   Data          13  st7735.o(.constdata)
    Rcmd3                                    0x00003408   Data          43  st7735.o(.constdata)
    .data                                    0x20000000   Section       13  diskio.o(.data)
    Stat                                     0x20000000   Data           1  diskio.o(.data)
    Timer1                                   0x20000004   Data           4  diskio.o(.data)
    Timer2                                   0x20000008   Data           4  diskio.o(.data)
    CardType                                 0x2000000c   Data           1  diskio.o(.data)
    .data                                    0x20000010   Section        6  ff.o(.data)
    FatFs                                    0x20000010   Data           4  ff.o(.data)
    Fsid                                     0x20000014   Data           2  ff.o(.data)
    .data                                    0x20000018   Section       25  sdcfile.o(.data)
    .data                                    0x20000034   Section       44  st7735.o(.data)
    _width                                   0x2000003e   Data           2  st7735.o(.data)
    _height                                  0x20000040   Data           2  st7735.o(.data)
    ColStart                                 0x20000048   Data           1  st7735.o(.data)
    RowStart                                 0x20000049   Data           1  st7735.o(.data)
    Rotation                                 0x2000004a   Data           1  st7735.o(.data)
    TabColor                                 0x2000004b   Data           1  st7735.o(.data)
    .data                                    0x20000060   Section    11044  sound.o(.data)
    .data                                    0x20002b84   Section        1  timer1.o(.data)
    .data                                    0x20002b88   Section        8  uart.o(.data)
    data                                     0x20002b88   Data           1  uart.o(.data)
    .data                                    0x20002b90   Section        6  fifo.o(.data)
    PutI                                     0x20002b90   Data           1  fifo.o(.data)
    GetI                                     0x20002b91   Data           1  fifo.o(.data)
    .bss                                     0x20002b98   Section     1660  sdcfile.o(.bss)
    g_sFatFs                                 0x20002b98   Data         564  sdcfile.o(.bss)
    .bss                                     0x20003214   Section      682  sound.o(.bss)
    .bss                                     0x200034c0   Section       96  libspace.o(.bss)
    HEAP                                     0x20003520   Section        0  startup.o(HEAP)
    STACK                                    0x20003520   Section     1024  startup.o(STACK)
    HeapMem                                  0x20003520   Data           0  startup.o(HEAP)
    StackMem                                 0x20003520   Data           0  startup.o(STACK)

    Global Symbols

    Symbol Name                              Value     Ov Type        Size  Object(Section)

    BuildAttributes$$THM_ISAv4$E$P$D$K$B$S$7EM$PE$A:L22UL41UL21$X:L11$S22US41US21$IEEE1$IW$USESV6$~STKCKD$USESV7$~SHL$OSPACE$ROPI$EBA8$UX$STANDARDLIB$REQ8$PRES8$EABIv2 0x00000000   Number         0  anon$$obj.o ABSOLUTE
    __ARM_use_no_argv                        0x00000000   Number         0  sdcfile.o ABSOLUTE
    __Vectors                                0x00000000   Data           0  startup.o(RESET)
    __ARM_exceptions_init                     - Undefined Weak Reference
    __alloca_initialize                       - Undefined Weak Reference
    __cpp_initialize__aeabi_                  - Undefined Weak Reference
    __cxa_finalize                            - Undefined Weak Reference
    __rt_locale                               - Undefined Weak Reference
    __sigvec_lookup                           - Undefined Weak Reference
    _atexit_init                              - Undefined Weak Reference
    _call_atexit_fns                          - Undefined Weak Reference
    _clock_init                               - Undefined Weak Reference
    _fp_trap_init                             - Undefined Weak Reference
    _fp_trap_shutdown                         - Undefined Weak Reference
    _get_lc_collate                           - Undefined Weak Reference
    _get_lc_ctype                             - Undefined Weak Reference
    _get_lc_monetary                          - Undefined Weak Reference
    _get_lc_numeric                           - Undefined Weak Reference
    _get_lc_time                              - Undefined Weak Reference
    _getenv_init                              - Undefined Weak Reference
    _handle_redirection                       - Undefined Weak Reference
    _init_alloc                               - Undefined Weak Reference
    _init_user_alloc                          - Undefined Weak Reference
    _initio                                   - Undefined Weak Reference
    _rand_init                                - Undefined Weak Reference
    _signal_finish                            - Undefined Weak Reference
    _signal_init                              - Undefined Weak Reference
    _terminate_alloc                          - Undefined Weak Reference
    _terminate_user_alloc                     - Undefined Weak Reference
    _terminateio                              - Undefined Weak Reference
    Reset_Handler                            0x0000026d   Thumb Code     0  startup.o(RESET)
    NMI_Handler                              0x00000271   Thumb Code     2  startup.o(RESET)
    HardFault_Handler                        0x00000273   Thumb Code     2  startup.o(RESET)
    MemManage_Handler                        0x00000275   Thumb Code     2  startup.o(RESET)
    BusFault_Handler                         0x00000277   Thumb Code     2  startup.o(RESET)
    UsageFault_Handler                       0x00000279   Thumb Code     2  startup.o(RESET)
    SVC_Handler                              0x0000027b   Thumb Code     2  startup.o(RESET)
    DebugMon_Handler                         0x0000027d   Thumb Code     2  startup.o(RESET)
    PendSV_Handler                           0x0000027f   Thumb Code     2  startup.o(RESET)
    ADC0Seq0_Handler                         0x00000283   Thumb Code     0  startup.o(RESET)
    ADC0Seq1_Handler                         0x00000283   Thumb Code     0  startup.o(RESET)
    ADC0Seq2_Handler                         0x00000283   Thumb Code     0  startup.o(RESET)
    ADC0Seq3_Handler                         0x00000283   Thumb Code     0  startup.o(RESET)
    ADC1Seq0_Handler                         0x00000283   Thumb Code     0  startup.o(RESET)
    ADC1Seq1_Handler                         0x00000283   Thumb Code     0  startup.o(RESET)
    ADC1Seq2_Handler                         0x00000283   Thumb Code     0  startup.o(RESET)
    ADC1Seq3_Handler                         0x00000283   Thumb Code     0  startup.o(RESET)
    CAN0_Handler                             0x00000283   Thumb Code     0  startup.o(RESET)
    CAN1_Handler                             0x00000283   Thumb Code     0  startup.o(RESET)
    CAN2_Handler                             0x00000283   Thumb Code     0  startup.o(RESET)
    Comp0_Handler                            0x00000283   Thumb Code     0  startup.o(RESET)
    Comp1_Handler                            0x00000283   Thumb Code     0  startup.o(RESET)
    Comp2_Handler                            0x00000283   Thumb Code     0  startup.o(RESET)
    Ethernet_Handler                         0x00000283   Thumb Code     0  startup.o(RESET)
    ExtBus_Handler                           0x00000283   Thumb Code     0  startup.o(RESET)
    FPU_Handler                              0x00000283   Thumb Code     0  startup.o(RESET)
    Fan0_Handler                             0x00000283   Thumb Code     0  startup.o(RESET)
    FlashCtl_Handler                         0x00000283   Thumb Code     0  startup.o(RESET)
    GPIOPortA_Handler                        0x00000283   Thumb Code     0  startup.o(RESET)
    GPIOPortB_Handler                        0x00000283   Thumb Code     0  startup.o(RESET)
    GPIOPortC_Handler                        0x00000283   Thumb Code     0  startup.o(RESET)
    GPIOPortD_Handler                        0x00000283   Thumb Code     0  startup.o(RESET)
    GPIOPortE_Handler                        0x00000283   Thumb Code     0  startup.o(RESET)
    GPIOPortF_Handler                        0x00000283   Thumb Code     0  startup.o(RESET)
    GPIOPortG_Handler                        0x00000283   Thumb Code     0  startup.o(RESET)
    GPIOPortH_Handler                        0x00000283   Thumb Code     0  startup.o(RESET)
    GPIOPortJ_Handler                        0x00000283   Thumb Code     0  startup.o(RESET)
    GPIOPortK_Handler                        0x00000283   Thumb Code     0  startup.o(RESET)
    GPIOPortL_Handler                        0x00000283   Thumb Code     0  startup.o(RESET)
    GPIOPortM_Handler                        0x00000283   Thumb Code     0  startup.o(RESET)
    GPIOPortN_Handler                        0x00000283   Thumb Code     0  startup.o(RESET)
    GPIOPortP1_Handler                       0x00000283   Thumb Code     0  startup.o(RESET)
    GPIOPortP2_Handler                       0x00000283   Thumb Code     0  startup.o(RESET)
    GPIOPortP3_Handler                       0x00000283   Thumb Code     0  startup.o(RESET)
    GPIOPortP4_Handler                       0x00000283   Thumb Code     0  startup.o(RESET)
    GPIOPortP5_Handler                       0x00000283   Thumb Code     0  startup.o(RESET)
    GPIOPortP6_Handler                       0x00000283   Thumb Code     0  startup.o(RESET)
    GPIOPortP7_Handler                       0x00000283   Thumb Code     0  startup.o(RESET)
    GPIOPortP_Handler                        0x00000283   Thumb Code     0  startup.o(RESET)
    GPIOPortQ1_Handler                       0x00000283   Thumb Code     0  startup.o(RESET)
    GPIOPortQ2_Handler                       0x00000283   Thumb Code     0  startup.o(RESET)
    GPIOPortQ3_Handler                       0x00000283   Thumb Code     0  startup.o(RESET)
    GPIOPortQ4_Handler                       0x00000283   Thumb Code     0  startup.o(RESET)
    GPIOPortQ5_Handler                       0x00000283   Thumb Code     0  startup.o(RESET)
    GPIOPortQ6_Handler                       0x00000283   Thumb Code     0  startup.o(RESET)
    GPIOPortQ7_Handler                       0x00000283   Thumb Code     0  startup.o(RESET)
    GPIOPortQ_Handler                        0x00000283   Thumb Code     0  startup.o(RESET)
    GPIOPortR_Handler                        0x00000283   Thumb Code     0  startup.o(RESET)
    GPIOPortS_Handler                        0x00000283   Thumb Code     0  startup.o(RESET)
    Hibernate_Handler                        0x00000283   Thumb Code     0  startup.o(RESET)
    I2C0_Handler                             0x00000283   Thumb Code     0  startup.o(RESET)
    I2C1_Handler                             0x00000283   Thumb Code     0  startup.o(RESET)
    I2C2_Handler                             0x00000283   Thumb Code     0  startup.o(RESET)
    I2C3_Handler                             0x00000283   Thumb Code     0  startup.o(RESET)
    I2C4_Handler                             0x00000283   Thumb Code     0  startup.o(RESET)
    I2C5_Handler                             0x00000283   Thumb Code     0  startup.o(RESET)
    I2S0_Handler                             0x00000283   Thumb Code     0  startup.o(RESET)
    LPC0_Handler                             0x00000283   Thumb Code     0  startup.o(RESET)
    PECI0_Handler                            0x00000283   Thumb Code     0  startup.o(RESET)
    PWM0Fault_Handler                        0x00000283   Thumb Code     0  startup.o(RESET)
    PWM0Generator0_Handler                   0x00000283   Thumb Code     0  startup.o(RESET)
    PWM0Generator1_Handler                   0x00000283   Thumb Code     0  startup.o(RESET)
    PWM0Generator2_Handler                   0x00000283   Thumb Code     0  startup.o(RESET)
    PWM0Generator3_Handler                   0x00000283   Thumb Code     0  startup.o(RESET)
    PWM1Fault_Handler                        0x00000283   Thumb Code     0  startup.o(RESET)
    PWM1Generator0_Handler                   0x00000283   Thumb Code     0  startup.o(RESET)
    PWM1Generator1_Handler                   0x00000283   Thumb Code     0  startup.o(RESET)
    PWM1Generator2_Handler                   0x00000283   Thumb Code     0  startup.o(RESET)
    PWM1Generator3_Handler                   0x00000283   Thumb Code     0  startup.o(RESET)
    Quadrature0_Handler                      0x00000283   Thumb Code     0  startup.o(RESET)
    Quadrature1_Handler                      0x00000283   Thumb Code     0  startup.o(RESET)
    Quadrature2_Handler                      0x00000283   Thumb Code     0  startup.o(RESET)
    SSI0_Handler                             0x00000283   Thumb Code     0  startup.o(RESET)
    SSI1_Handler                             0x00000283   Thumb Code     0  startup.o(RESET)
    SSI2_Handler                             0x00000283   Thumb Code     0  startup.o(RESET)
    SSI3_Handler                             0x00000283   Thumb Code     0  startup.o(RESET)
    SysCtl_Handler                           0x00000283   Thumb Code     0  startup.o(RESET)
    Timer0A_Handler                          0x00000283   Thumb Code     0  startup.o(RESET)
    Timer0B_Handler                          0x00000283   Thumb Code     0  startup.o(RESET)
    Timer1B_Handler                          0x00000283   Thumb Code     0  startup.o(RESET)
    Timer2A_Handler                          0x00000283   Thumb Code     0  startup.o(RESET)
    Timer2B_Handler                          0x00000283   Thumb Code     0  startup.o(RESET)
    Timer3A_Handler                          0x00000283   Thumb Code     0  startup.o(RESET)
    Timer3B_Handler                          0x00000283   Thumb Code     0  startup.o(RESET)
    Timer4A_Handler                          0x00000283   Thumb Code     0  startup.o(RESET)
    Timer4B_Handler                          0x00000283   Thumb Code     0  startup.o(RESET)
    Timer5B_Handler                          0x00000283   Thumb Code     0  startup.o(RESET)
    UART0_Handler                            0x00000283   Thumb Code     0  startup.o(RESET)
    UART2_Handler                            0x00000283   Thumb Code     0  startup.o(RESET)
    UART3_Handler                            0x00000283   Thumb Code     0  startup.o(RESET)
    UART4_Handler                            0x00000283   Thumb Code     0  startup.o(RESET)
    UART5_Handler                            0x00000283   Thumb Code     0  startup.o(RESET)
    UART6_Handler                            0x00000283   Thumb Code     0  startup.o(RESET)
    UART7_Handler                            0x00000283   Thumb Code     0  startup.o(RESET)
    USB0_Handler                             0x00000283   Thumb Code     0  startup.o(RESET)
    WDT_Handler                              0x00000283   Thumb Code     0  startup.o(RESET)
    WideTimer0A_Handler                      0x00000283   Thumb Code     0  startup.o(RESET)
    WideTimer0B_Handler                      0x00000283   Thumb Code     0  startup.o(RESET)
    WideTimer1A_Handler                      0x00000283   Thumb Code     0  startup.o(RESET)
    WideTimer1B_Handler                      0x00000283   Thumb Code     0  startup.o(RESET)
    WideTimer2A_Handler                      0x00000283   Thumb Code     0  startup.o(RESET)
    WideTimer2B_Handler                      0x00000283   Thumb Code     0  startup.o(RESET)
    WideTimer3A_Handler                      0x00000283   Thumb Code     0  startup.o(RESET)
    WideTimer3B_Handler                      0x00000283   Thumb Code     0  startup.o(RESET)
    WideTimer4A_Handler                      0x00000283   Thumb Code     0  startup.o(RESET)
    WideTimer4B_Handler                      0x00000283   Thumb Code     0  startup.o(RESET)
    WideTimer5A_Handler                      0x00000283   Thumb Code     0  startup.o(RESET)
    WideTimer5B_Handler                      0x00000283   Thumb Code     0  startup.o(RESET)
    uDMA_Error                               0x00000283   Thumb Code     0  startup.o(RESET)
    uDMA_Handler                             0x00000283   Thumb Code     0  startup.o(RESET)
    __main                                   0x00000285   Thumb Code     8  __main.o(!!!main)
    __scatterload                            0x0000028d   Thumb Code     0  __scatter.o(!!!scatter)
    __scatterload_rt2                        0x0000028d   Thumb Code    44  __scatter.o(!!!scatter)
    __scatterload_rt2_thumb_only             0x0000028d   Thumb Code     0  __scatter.o(!!!scatter)
    __scatterload_null                       0x0000029b   Thumb Code     0  __scatter.o(!!!scatter)
    __decompress                             0x000002c1   Thumb Code   100  __dclz77c.o(!!dclz77c)
    __decompress2                            0x000002c1   Thumb Code     0  __dclz77c.o(!!dclz77c)
    __scatterload_zeroinit                   0x00000325   Thumb Code    28  __scatter_zi.o(!!handler_zi)
    __rt_lib_init                            0x00000341   Thumb Code     0  libinit.o(.ARM.Collect$$libinit$$00000000)
    __rt_lib_init_alloca_1                   0x00000343   Thumb Code     0  libinit2.o(.ARM.Collect$$libinit$$0000002C)
    __rt_lib_init_argv_1                     0x00000343   Thumb Code     0  libinit2.o(.ARM.Collect$$libinit$$0000002A)
    __rt_lib_init_atexit_1                   0x00000343   Thumb Code     0  libinit2.o(.ARM.Collect$$libinit$$00000019)
    __rt_lib_init_clock_1                    0x00000343   Thumb Code     0  libinit2.o(.ARM.Collect$$libinit$$0000001F)
    __rt_lib_init_cpp_1                      0x00000343   Thumb Code     0  libinit2.o(.ARM.Collect$$libinit$$00000030)
    __rt_lib_init_exceptions_1               0x00000343   Thumb Code     0  libinit2.o(.ARM.Collect$$libinit$$0000002E)
    __rt_lib_init_fp_1                       0x00000343   Thumb Code     0  libinit2.o(.ARM.Collect$$libinit$$00000002)
    __rt_lib_init_fp_trap_1                  0x00000343   Thumb Code     0  libinit2.o(.ARM.Collect$$libinit$$0000001D)
    __rt_lib_init_getenv_1                   0x00000343   Thumb Code     0  libinit2.o(.ARM.Collect$$libinit$$00000021)
    __rt_lib_init_heap_1                     0x00000343   Thumb Code     0  libinit2.o(.ARM.Collect$$libinit$$00000008)
    __rt_lib_init_lc_collate_1               0x00000343   Thumb Code     0  libinit2.o(.ARM.Collect$$libinit$$0000000F)
    __rt_lib_init_lc_ctype_1                 0x00000343   Thumb Code     0  libinit2.o(.ARM.Collect$$libinit$$00000011)
    __rt_lib_init_lc_monetary_1              0x00000343   Thumb Code     0  libinit2.o(.ARM.Collect$$libinit$$00000013)
    __rt_lib_init_lc_numeric_1               0x00000343   Thumb Code     0  libinit2.o(.ARM.Collect$$libinit$$00000015)
    __rt_lib_init_lc_time_1                  0x00000343   Thumb Code     0  libinit2.o(.ARM.Collect$$libinit$$00000017)
    __rt_lib_init_rand_1                     0x00000343   Thumb Code     0  libinit2.o(.ARM.Collect$$libinit$$0000000C)
    __rt_lib_init_return                     0x00000343   Thumb Code     0  libinit2.o(.ARM.Collect$$libinit$$00000031)
    __rt_lib_init_signal_1                   0x00000343   Thumb Code     0  libinit2.o(.ARM.Collect$$libinit$$0000001B)
    __rt_lib_init_stdio_1                    0x00000343   Thumb Code     0  libinit2.o(.ARM.Collect$$libinit$$00000023)
    __rt_lib_init_user_alloc_1               0x00000343   Thumb Code     0  libinit2.o(.ARM.Collect$$libinit$$0000000A)
    __rt_lib_shutdown                        0x00000345   Thumb Code     0  libshutdown.o(.ARM.Collect$$libshutdown$$00000000)
    __rt_lib_shutdown_fp_trap_1              0x00000347   Thumb Code     0  libshutdown2.o(.ARM.Collect$$libshutdown$$00000006)
    __rt_lib_shutdown_heap_1                 0x00000347   Thumb Code     0  libshutdown2.o(.ARM.Collect$$libshutdown$$0000000E)
    __rt_lib_shutdown_return                 0x00000347   Thumb Code     0  libshutdown2.o(.ARM.Collect$$libshutdown$$0000000F)
    __rt_lib_shutdown_signal_1               0x00000347   Thumb Code     0  libshutdown2.o(.ARM.Collect$$libshutdown$$00000009)
    __rt_lib_shutdown_stdio_1                0x00000347   Thumb Code     0  libshutdown2.o(.ARM.Collect$$libshutdown$$00000003)
    __rt_lib_shutdown_user_alloc_1           0x00000347   Thumb Code     0  libshutdown2.o(.ARM.Collect$$libshutdown$$0000000B)
    __rt_entry                               0x00000349   Thumb Code     0  rtentry.o(.ARM.Collect$$rtentry$$00000000)
    __rt_entry_presh_1                       0x00000349   Thumb Code     0  rtentry2.o(.ARM.Collect$$rtentry$$00000002)
    __rt_entry_sh                            0x00000349   Thumb Code     0  rtentry4.o(.ARM.Collect$$rtentry$$00000004)
    __rt_entry_li                            0x0000034f   Thumb Code     0  rtentry2.o(.ARM.Collect$$rtentry$$0000000A)
    __rt_entry_postsh_1                      0x0000034f   Thumb Code     0  rtentry2.o(.ARM.Collect$$rtentry$$00000009)
    __rt_entry_main                          0x00000353   Thumb Code     0  rtentry2.o(.ARM.Collect$$rtentry$$0000000D)
    __rt_entry_postli_1                      0x00000353   Thumb Code     0  rtentry2.o(.ARM.Collect$$rtentry$$0000000C)
    __rt_exit                                0x0000035b   Thumb Code     0  rtexit.o(.ARM.Collect$$rtexit$$00000000)
    __rt_exit_ls                             0x0000035d   Thumb Code     0  rtexit2.o(.ARM.Collect$$rtexit$$00000003)
    __rt_exit_prels_1                        0x0000035d   Thumb Code     0  rtexit2.o(.ARM.Collect$$rtexit$$00000002)
    __rt_exit_exit                           0x00000361   Thumb Code     0  rtexit2.o(.ARM.Collect$$rtexit$$00000004)
    Delay                                    0x00000369   Thumb Code     6  st7735.o(.emb_text)
    DisableInterrupts                        0x00000371   Thumb Code     0  startup.o(.text)
    EnableInterrupts                         0x00000375   Thumb Code     0  startup.o(.text)
    StartCritical                            0x00000379   Thumb Code     0  startup.o(.text)
    EndCritical                              0x00000381   Thumb Code     0  startup.o(.text)
    WaitForInterrupt                         0x00000387   Thumb Code     0  startup.o(.text)
    __user_initial_stackheap                 0x0000038b   Thumb Code     0  startup.o(.text)
    __use_two_region_memory                  0x000003a1   Thumb Code     2  heapauxi.o(.text)
    __rt_heap_escrow$2region                 0x000003a3   Thumb Code     2  heapauxi.o(.text)
    __rt_heap_expand$2region                 0x000003a5   Thumb Code     2  heapauxi.o(.text)
    __user_setup_stackheap                   0x000003a7   Thumb Code    74  sys_stackheap_outer.o(.text)
    exit                                     0x000003f1   Thumb Code    12  exit.o(.text)
    __user_libspace                          0x000003fd   Thumb Code     8  libspace.o(.text)
    __user_perproc_libspace                  0x000003fd   Thumb Code     0  libspace.o(.text)
    __user_perthread_libspace                0x000003fd   Thumb Code     0  libspace.o(.text)
    _sys_exit                                0x00000405   Thumb Code     8  sys_exit.o(.text)
    __I$use$semihosting                      0x00000411   Thumb Code     0  use_no_semi.o(.text)
    __use_no_semihosting_swi                 0x00000411   Thumb Code     2  use_no_semi.o(.text)
    __semihosting_library_function           0x00000413   Thumb Code     0  indicate_semi.o(.text)
    CS_Init                                  0x00000415   Thumb Code   148  diskio.o(i.CS_Init)
    DAC_Init                                 0x000004c1   Thumb Code    88  dac.o(i.DAC_Init)
    DAC_Out                                  0x00000531   Thumb Code     6  dac.o(i.DAC_Out)
    Delay1ms                                 0x0000053d   Thumb Code    22  st7735.o(i.Delay1ms)
    Fifo_Get                                 0x00000555   Thumb Code    56  fifo.o(i.Fifo_Get)
    Fifo_Init                                0x00000599   Thumb Code    12  fifo.o(i.Fifo_Init)
    Fifo_Put                                 0x000005ad   Thumb Code    66  fifo.o(i.Fifo_Put)
    Init                                     0x000005fd   Thumb Code    58  sdcfile.o(i.Init)
    PLL_Init                                 0x00000639   Thumb Code   118  pll.o(i.PLL_Init)
    PortD_init                               0x000006b5   Thumb Code    46  sdcfile.o(i.PortD_init)
    PortF2_init                              0x000006f1   Thumb Code    56  sdcfile.o(i.PortF2_init)
    PortF_init                               0x00000739   Thumb Code    26  sdcfile.o(i.PortF_init)
    SSI0_Init                                0x0000075d   Thumb Code   296  diskio.o(i.SSI0_Init)
    ST7735_FillRect                          0x000008a5   Thumb Code   164  st7735.o(i.ST7735_FillRect)
    ST7735_FillScreen                        0x00000951   Thumb Code    28  st7735.o(i.ST7735_FillScreen)
    ST7735_InitR                             0x00000975   Thumb Code    90  st7735.o(i.ST7735_InitR)
    ST7735_SetCursor                         0x000009f1   Thumb Code    22  st7735.o(i.ST7735_SetCursor)
    Sound_Init                               0x00000a11   Thumb Code    50  sound.o(i.Sound_Init)
    Sound_Play                               0x00000a49   Thumb Code    10  sound.o(i.Sound_Play)
    SysTick_Handler                          0x00000a55   Thumb Code    72  sound.o(i.SysTick_Handler)
    Timer1A_Handler                          0x00000ab1   Thumb Code    44  timer1.o(i.Timer1A_Handler)
    Timer5A_Handler                          0x00000ae5   Thumb Code    14  diskio.o(i.Timer5A_Handler)
    Timer5_Init                              0x00000af9   Thumb Code    84  diskio.o(i.Timer5_Init)
    UART1_Handler                            0x00000b65   Thumb Code    84  uart.o(i.UART1_Handler)
    Uart_Init                                0x00000bc9   Thumb Code   196  uart.o(i.Uart_Init)
    Uart_OutChar                             0x00000ca9   Thumb Code    18  uart.o(i.Uart_OutChar)
    clust2sect                               0x00000d69   Thumb Code    26  ff.o(i.clust2sect)
    convertnumber                            0x00001019   Thumb Code    96  sdcfile.o(i.convertnumber)
    disk_initialize                          0x000015c1   Thumb Code   330  diskio.o(i.disk_initialize)
    disk_ioctl                               0x0000171d   Thumb Code   544  diskio.o(i.disk_ioctl)
    disk_read                                0x00001945   Thumb Code   136  diskio.o(i.disk_read)
    disk_status                              0x000019d5   Thumb Code    14  diskio.o(i.disk_status)
    disk_timerproc                           0x000019e9   Thumb Code    52  diskio.o(i.disk_timerproc)
    disk_write                               0x00001a29   Thumb Code   170  diskio.o(i.disk_write)
    engineadd                                0x00001add   Thumb Code    66  sdcfile.o(i.engineadd)
    f_close                                  0x00001b29   Thumb Code    32  ff.o(i.f_close)
    f_mount                                  0x00001b49   Thumb Code    86  ff.o(i.f_mount)
    f_open                                   0x00001ba5   Thumb Code   348  ff.o(i.f_open)
    f_read                                   0x00001d05   Thumb Code   414  ff.o(i.f_read)
    f_sync                                   0x00001ea5   Thumb Code   170  ff.o(i.f_sync)
    get_fat                                  0x00002391   Thumb Code   242  ff.o(i.get_fat)
    isMessageValid                           0x000024f9   Thumb Code    70  sdcfile.o(i.isMessageValid)
    main                                     0x0000256d   Thumb Code    30  sdcfile.o(i.main)
    playsection                              0x00002621   Thumb Code   132  sdcfile.o(i.playsection)
    playsong                                 0x000026c5   Thumb Code   104  sdcfile.o(i.playsong)
    put_fat                                  0x0000274d   Thumb Code   326  ff.o(i.put_fat)
    receiveUartMessage                       0x00002921   Thumb Code    24  sdcfile.o(i.receiveUartMessage)
    songselect                               0x00002ae9   Thumb Code    62  sdcfile.o(i.songselect)
    CircuitOne                               0x00002e20   Data          12  sdcfile.o(.constdata)
    FinalLap                                 0x00002e2c   Data          11  sdcfile.o(.constdata)
    RainbowRoad                              0x00002e37   Data           7  sdcfile.o(.constdata)
    MarioKartTheme                           0x00002e3e   Data          10  sdcfile.o(.constdata)
    TakeOnMe                                 0x00002e48   Data           9  sdcfile.o(.constdata)
    dBfs                                     0x00003433   Data         512  st7735.o(.constdata)
    Region$$Table$$Base                      0x00003634   Number         0  anon$$obj.o(Region$$Table)
    Region$$Table$$Limit                     0x00003654   Number         0  anon$$obj.o(Region$$Table)
    setReadFlag                              0x20000018   Data           1  sdcfile.o(.data)
    enginecounter                            0x2000001c   Data           4  sdcfile.o(.data)
    newMessageFlag                           0x20000020   Data           1  sdcfile.o(.data)
    prevMessage                              0x20000021   Data           1  sdcfile.o(.data)
    MarioKart_Theme                          0x20000022   Data           1  sdcfile.o(.data)
    Circuit_One                              0x20000023   Data           1  sdcfile.o(.data)
    Rainbow_Road                             0x20000024   Data           1  sdcfile.o(.data)
    Take_On_Me                               0x20000025   Data           1  sdcfile.o(.data)
    MountFresult                             0x20000026   Data           1  sdcfile.o(.data)
    Fresult                                  0x20000027   Data           1  sdcfile.o(.data)
    successfulreads                          0x20000028   Data           4  sdcfile.o(.data)
    testbuff                                 0x2000002c   Data           4  sdcfile.o(.data)
    newmessage                               0x20000030   Data           1  sdcfile.o(.data)
    StX                                      0x20000034   Data           4  st7735.o(.data)
    StY                                      0x20000038   Data           4  st7735.o(.data)
    StTextColor                              0x2000003c   Data           2  st7735.o(.data)
    lastj                                    0x20000044   Data           4  st7735.o(.data)
    Messageindex                             0x2000004c   Data           4  st7735.o(.data)
    Ymax                                     0x20000050   Data           4  st7735.o(.data)
    Ymin                                     0x20000054   Data           4  st7735.o(.data)
    X                                        0x20000058   Data           4  st7735.o(.data)
    Yrange                                   0x2000005c   Data           4  st7735.o(.data)
    engine2                                  0x20000060   Data       11036  sound.o(.data)
    Index                                    0x20002b7c   Data           4  sound.o(.data)
    count                                    0x20002b80   Data           2  sound.o(.data)
    bufferFlag                               0x20002b82   Data           1  sound.o(.data)
    finishFlag                               0x20002b83   Data           1  sound.o(.data)
    message                                  0x20002b84   Data           1  timer1.o(.data)
    DataLost                                 0x20002b8c   Data           4  uart.o(.data)
    Fifo                                     0x20002b92   Data           4  fifo.o(.data)
    Handle                                   0x20002dcc   Data         548  sdcfile.o(.bss)
    Handle2                                  0x20002ff0   Data         548  sdcfile.o(.bss)
    buffer2                                  0x20003214   Data         256  sound.o(.bss)
    buffer3                                  0x20003314   Data         256  sound.o(.bss)
    buffer2music                             0x20003414   Data          85  sound.o(.bss)
    buffer3music                             0x20003469   Data          85  sound.o(.bss)
    __libspace_start                         0x200034c0   Data          96  libspace.o(.bss)
    __temporary_stack_top$libspace           0x20003520   Data           0  libspace.o(.bss)



==============================================================================

Memory Map of the image

  Image Entry point : 0x0000026d

  Load Region LR_1 (Base: 0x00000000, Size: 0x000061ec, Max: 0xffffffff, ABSOLUTE, COMPRESSED[0x000055b0])

    Execution Region ER_RO (Base: 0x00000000, Size: 0x00003654, Max: 0xffffffff, ABSOLUTE)

    Base Addr    Size         Type   Attr      Idx    E Section Name        Object

    0x00000000   0x00000284   Code   RO            3  * RESET               startup.o
    0x00000284   0x00000008   Code   RO         1049  * !!!main             c_w.l(__main.o)
    0x0000028c   0x00000034   Code   RO         1205    !!!scatter          c_w.l(__scatter.o)
    0x000002c0   0x00000064   Code   RO         1203    !!dclz77c           c_w.l(__dclz77c.o)
    0x00000324   0x0000001c   Code   RO         1207    !!handler_zi        c_w.l(__scatter_zi.o)
    0x00000340   0x00000002   Code   RO         1076    .ARM.Collect$$libinit$$00000000  c_w.l(libinit.o)
    0x00000342   0x00000000   Code   RO         1083    .ARM.Collect$$libinit$$00000002  c_w.l(libinit2.o)
    0x00000342   0x00000000   Code   RO         1086    .ARM.Collect$$libinit$$00000008  c_w.l(libinit2.o)
    0x00000342   0x00000000   Code   RO         1088    .ARM.Collect$$libinit$$0000000A  c_w.l(libinit2.o)
    0x00000342   0x00000000   Code   RO         1090    .ARM.Collect$$libinit$$0000000C  c_w.l(libinit2.o)
    0x00000342   0x00000000   Code   RO         1093    .ARM.Collect$$libinit$$0000000F  c_w.l(libinit2.o)
    0x00000342   0x00000000   Code   RO         1095    .ARM.Collect$$libinit$$00000011  c_w.l(libinit2.o)
    0x00000342   0x00000000   Code   RO         1097    .ARM.Collect$$libinit$$00000013  c_w.l(libinit2.o)
    0x00000342   0x00000000   Code   RO         1099    .ARM.Collect$$libinit$$00000015  c_w.l(libinit2.o)
    0x00000342   0x00000000   Code   RO         1101    .ARM.Collect$$libinit$$00000017  c_w.l(libinit2.o)
    0x00000342   0x00000000   Code   RO         1103    .ARM.Collect$$libinit$$00000019  c_w.l(libinit2.o)
    0x00000342   0x00000000   Code   RO         1105    .ARM.Collect$$libinit$$0000001B  c_w.l(libinit2.o)
    0x00000342   0x00000000   Code   RO         1107    .ARM.Collect$$libinit$$0000001D  c_w.l(libinit2.o)
    0x00000342   0x00000000   Code   RO         1109    .ARM.Collect$$libinit$$0000001F  c_w.l(libinit2.o)
    0x00000342   0x00000000   Code   RO         1111    .ARM.Collect$$libinit$$00000021  c_w.l(libinit2.o)
    0x00000342   0x00000000   Code   RO         1113    .ARM.Collect$$libinit$$00000023  c_w.l(libinit2.o)
    0x00000342   0x00000000   Code   RO         1117    .ARM.Collect$$libinit$$0000002A  c_w.l(libinit2.o)
    0x00000342   0x00000000   Code   RO         1119    .ARM.Collect$$libinit$$0000002C  c_w.l(libinit2.o)
    0x00000342   0x00000000   Code   RO         1121    .ARM.Collect$$libinit$$0000002E  c_w.l(libinit2.o)
    0x00000342   0x00000000   Code   RO         1123    .ARM.Collect$$libinit$$00000030  c_w.l(libinit2.o)
    0x00000342   0x00000002   Code   RO         1124    .ARM.Collect$$libinit$$00000031  c_w.l(libinit2.o)
    0x00000344   0x00000002   Code   RO         1144    .ARM.Collect$$libshutdown$$00000000  c_w.l(libshutdown.o)
    0x00000346   0x00000000   Code   RO         1158    .ARM.Collect$$libshutdown$$00000003  c_w.l(libshutdown2.o)
    0x00000346   0x00000000   Code   RO         1161    .ARM.Collect$$libshutdown$$00000006  c_w.l(libshutdown2.o)
    0x00000346   0x00000000   Code   RO         1164    .ARM.Collect$$libshutdown$$00000009  c_w.l(libshutdown2.o)
    0x00000346   0x00000000   Code   RO         1166    .ARM.Collect$$libshutdown$$0000000B  c_w.l(libshutdown2.o)
    0x00000346   0x00000000   Code   RO         1169    .ARM.Collect$$libshutdown$$0000000E  c_w.l(libshutdown2.o)
    0x00000346   0x00000002   Code   RO         1170    .ARM.Collect$$libshutdown$$0000000F  c_w.l(libshutdown2.o)
    0x00000348   0x00000000   Code   RO         1051    .ARM.Collect$$rtentry$$00000000  c_w.l(rtentry.o)
    0x00000348   0x00000000   Code   RO         1053    .ARM.Collect$$rtentry$$00000002  c_w.l(rtentry2.o)
    0x00000348   0x00000006   Code   RO         1065    .ARM.Collect$$rtentry$$00000004  c_w.l(rtentry4.o)
    0x0000034e   0x00000000   Code   RO         1055    .ARM.Collect$$rtentry$$00000009  c_w.l(rtentry2.o)
    0x0000034e   0x00000004   Code   RO         1056    .ARM.Collect$$rtentry$$0000000A  c_w.l(rtentry2.o)
    0x00000352   0x00000000   Code   RO         1058    .ARM.Collect$$rtentry$$0000000C  c_w.l(rtentry2.o)
    0x00000352   0x00000008   Code   RO         1059    .ARM.Collect$$rtentry$$0000000D  c_w.l(rtentry2.o)
    0x0000035a   0x00000002   Code   RO         1080    .ARM.Collect$$rtexit$$00000000  c_w.l(rtexit.o)
    0x0000035c   0x00000000   Code   RO         1126    .ARM.Collect$$rtexit$$00000002  c_w.l(rtexit2.o)
    0x0000035c   0x00000004   Code   RO         1127    .ARM.Collect$$rtexit$$00000003  c_w.l(rtexit2.o)
    0x00000360   0x00000006   Code   RO         1128    .ARM.Collect$$rtexit$$00000004  c_w.l(rtexit2.o)
    0x00000366   0x00000002   PAD
    0x00000368   0x00000006   Code   RO          575    .emb_text           st7735.o
    0x0000036e   0x00000002   PAD
    0x00000370   0x00000030   Code   RO            4    .text               startup.o
    0x000003a0   0x00000006   Code   RO         1047    .text               c_w.l(heapauxi.o)
    0x000003a6   0x0000004a   Code   RO         1067    .text               c_w.l(sys_stackheap_outer.o)
    0x000003f0   0x0000000c   Code   RO         1069    .text               c_w.l(exit.o)
    0x000003fc   0x00000008   Code   RO         1077    .text               c_w.l(libspace.o)
    0x00000404   0x0000000c   Code   RO         1136    .text               c_w.l(sys_exit.o)
    0x00000410   0x00000002   Code   RO         1147    .text               c_w.l(use_no_semi.o)
    0x00000412   0x00000000   Code   RO         1149    .text               c_w.l(indicate_semi.o)
    0x00000412   0x00000002   PAD
    0x00000414   0x000000ac   Code   RO           12    i.CS_Init           diskio.o
    0x000004c0   0x00000070   Code   RO          888    i.DAC_Init          dac.o
    0x00000530   0x0000000c   Code   RO          889    i.DAC_Out           dac.o
    0x0000053c   0x00000016   Code   RO          576    i.Delay1ms          st7735.o
    0x00000552   0x00000002   PAD
    0x00000554   0x00000044   Code   RO         1018    i.Fifo_Get          fifo.o
    0x00000598   0x00000014   Code   RO         1019    i.Fifo_Init         fifo.o
    0x000005ac   0x00000050   Code   RO         1020    i.Fifo_Put          fifo.o
    0x000005fc   0x0000003a   Code   RO          459    i.Init              sdcfile.o
    0x00000636   0x00000002   PAD
    0x00000638   0x0000007c   Code   RO          444    i.PLL_Init          pll.o
    0x000006b4   0x0000003c   Code   RO          460    i.PortD_init        sdcfile.o
    0x000006f0   0x00000048   Code   RO          461    i.PortF2_init       sdcfile.o
    0x00000738   0x00000024   Code   RO          462    i.PortF_init        sdcfile.o
    0x0000075c   0x00000148   Code   RO           13    i.SSI0_Init         diskio.o
    0x000008a4   0x000000ac   Code   RO          590    i.ST7735_FillRect   st7735.o
    0x00000950   0x00000024   Code   RO          591    i.ST7735_FillScreen  st7735.o
    0x00000974   0x0000007c   Code   RO          593    i.ST7735_InitR      st7735.o
    0x000009f0   0x00000020   Code   RO          606    i.ST7735_SetCursor  st7735.o
    0x00000a10   0x00000038   Code   RO          906    i.Sound_Init        sound.o
    0x00000a48   0x0000000a   Code   RO          907    i.Sound_Play        sound.o
    0x00000a52   0x00000002   PAD
    0x00000a54   0x0000005c   Code   RO          909    i.SysTick_Handler   sound.o
    0x00000ab0   0x00000034   Code   RO          946    i.Timer1A_Handler   timer1.o
    0x00000ae4   0x00000014   Code   RO           14    i.Timer5A_Handler   diskio.o
    0x00000af8   0x0000006c   Code   RO           15    i.Timer5_Init       diskio.o
    0x00000b64   0x00000064   Code   RO          979    i.UART1_Handler     uart.o
    0x00000bc8   0x000000e0   Code   RO          982    i.Uart_Init         uart.o
    0x00000ca8   0x00000018   Code   RO          983    i.Uart_OutChar      uart.o
    0x00000cc0   0x00000090   Code   RO          148    i.check_fs          ff.o
    0x00000d50   0x00000018   Code   RO          149    i.chk_chr           ff.o
    0x00000d68   0x0000001a   Code   RO          150    i.clust2sect        ff.o
    0x00000d82   0x00000056   Code   RO          610    i.commandList       st7735.o
    0x00000dd8   0x00000240   Code   RO          611    i.commonInit        st7735.o
    0x00001018   0x00000064   Code   RO          464    i.convertnumber     sdcfile.o
    0x0000107c   0x000000d6   Code   RO          151    i.create_chain      ff.o
    0x00001152   0x00000002   PAD
    0x00001154   0x000001b4   Code   RO          152    i.create_name       ff.o
    0x00001308   0x00000018   Code   RO           16    i.deselect          diskio.o
    0x00001320   0x0000005c   Code   RO          153    i.dir_alloc         ff.o
    0x0000137c   0x0000005c   Code   RO          154    i.dir_find          ff.o
    0x000013d8   0x0000010e   Code   RO          155    i.dir_next          ff.o
    0x000014e6   0x0000003a   Code   RO          157    i.dir_register      ff.o
    0x00001520   0x0000009e   Code   RO          159    i.dir_sdi           ff.o
    0x000015be   0x00000002   PAD
    0x000015c0   0x0000015c   Code   RO           17    i.disk_initialize   diskio.o
    0x0000171c   0x00000228   Code   RO           18    i.disk_ioctl        diskio.o
    0x00001944   0x00000090   Code   RO           19    i.disk_read         diskio.o
    0x000019d4   0x00000014   Code   RO           20    i.disk_status       diskio.o
    0x000019e8   0x00000040   Code   RO           21    i.disk_timerproc    diskio.o
    0x00001a28   0x000000b4   Code   RO           22    i.disk_write        diskio.o
    0x00001adc   0x0000004c   Code   RO          465    i.engineadd         sdcfile.o
    0x00001b28   0x00000020   Code   RO          162    i.f_close           ff.o
    0x00001b48   0x0000005c   Code   RO          170    i.f_mount           ff.o
    0x00001ba4   0x00000160   Code   RO          171    i.f_open            ff.o
    0x00001d04   0x0000019e   Code   RO          173    i.f_read            ff.o
    0x00001ea2   0x00000002   PAD
    0x00001ea4   0x000000b0   Code   RO          178    i.f_sync            ff.o
    0x00001f54   0x0000038c   Code   RO          183    i.find_volume       ff.o
    0x000022e0   0x000000b0   Code   RO          184    i.follow_path       ff.o
    0x00002390   0x000000f2   Code   RO          185    i.get_fat           ff.o
    0x00002482   0x0000004a   Code   RO          187    i.get_ldnumber      ff.o
    0x000024cc   0x0000002c   Code   RO           23    i.init_spi          diskio.o
    0x000024f8   0x00000054   Code   RO          466    i.isMessageValid    sdcfile.o
    0x0000254c   0x00000020   Code   RO          188    i.ld_clust          ff.o
    0x0000256c   0x0000002c   Code   RO          467    i.main              sdcfile.o
    0x00002598   0x00000026   Code   RO          189    i.mem_cmp           ff.o
    0x000025be   0x0000001a   Code   RO          190    i.mem_cpy           ff.o
    0x000025d8   0x00000014   Code   RO          191    i.mem_set           ff.o
    0x000025ec   0x00000034   Code   RO          192    i.move_window       ff.o
    0x00002620   0x000000a4   Code   RO          468    i.playsection       sdcfile.o
    0x000026c4   0x00000088   Code   RO          469    i.playsong          sdcfile.o
    0x0000274c   0x00000146   Code   RO          193    i.put_fat           ff.o
    0x00002892   0x00000002   PAD
    0x00002894   0x00000048   Code   RO           24    i.rcvr_datablock    diskio.o
    0x000028dc   0x0000002c   Code   RO           25    i.rcvr_spi          diskio.o
    0x00002908   0x00000018   Code   RO           26    i.rcvr_spi_multi    diskio.o
    0x00002920   0x0000001c   Code   RO          470    i.receiveUartMessage  sdcfile.o
    0x0000293c   0x0000006c   Code   RO          194    i.remove_chain      ff.o
    0x000029a8   0x00000034   Code   RO           27    i.select            diskio.o
    0x000029dc   0x00000096   Code   RO           28    i.send_cmd          diskio.o
    0x00002a72   0x00000002   PAD
    0x00002a74   0x00000074   Code   RO          617    i.setAddrWindow     st7735.o
    0x00002ae8   0x00000060   Code   RO          471    i.songselect        sdcfile.o
    0x00002b48   0x00000010   Code   RO          195    i.st_clust          ff.o
    0x00002b58   0x000000c8   Code   RO          196    i.sync_fs           ff.o
    0x00002c20   0x00000052   Code   RO          197    i.sync_window       ff.o
    0x00002c72   0x00000036   Code   RO          198    i.validate          ff.o
    0x00002ca8   0x00000030   Code   RO           29    i.wait_ready        diskio.o
    0x00002cd8   0x0000004c   Code   RO          618    i.writecommand      st7735.o
    0x00002d24   0x00000050   Code   RO          619    i.writedata         st7735.o
    0x00002d74   0x00000034   Code   RO           30    i.xchg_spi          diskio.o
    0x00002da8   0x0000004c   Code   RO           31    i.xmit_datablock    diskio.o
    0x00002df4   0x0000002c   Code   RO           32    i.xmit_spi_multi    diskio.o
    0x00002e20   0x00000031   Data   RO          473    .constdata          sdcfile.o
    0x00002e51   0x000007e2   Data   RO          621    .constdata          st7735.o
    0x00003633   0x00000001   PAD
    0x00003634   0x00000020   Data   RO         1201    Region$$Table       anon$$obj.o


    Execution Region ER_RW (Base: 0x20000000, Size: 0x00002b98, Max: 0xffffffff, ABSOLUTE, COMPRESSED[0x00001f5c])

    Base Addr    Size         Type   Attr      Idx    E Section Name        Object

    0x20000000   0x0000000d   Data   RW           33    .data               diskio.o
    0x2000000d   0x00000003   PAD
    0x20000010   0x00000006   Data   RW          200    .data               ff.o
    0x20000016   0x00000002   PAD
    0x20000018   0x00000019   Data   RW          474    .data               sdcfile.o
    0x20000031   0x00000003   PAD
    0x20000034   0x0000002c   Data   RW          622    .data               st7735.o
    0x20000060   0x00002b24   Data   RW          911    .data               sound.o
    0x20002b84   0x00000001   Data   RW          950    .data               timer1.o
    0x20002b85   0x00000003   PAD
    0x20002b88   0x00000008   Data   RW          984    .data               uart.o
    0x20002b90   0x00000006   Data   RW         1021    .data               fifo.o


    Execution Region ER_ZI (Base: 0x20002b98, Size: 0x00000d88, Max: 0xffffffff, ABSOLUTE)

    Base Addr    Size         Type   Attr      Idx    E Section Name        Object

    0x20002b98   0x0000067c   Zero   RW          472    .bss                sdcfile.o
    0x20003214   0x000002aa   Zero   RW          910    .bss                sound.o
    0x200034be   0x00000002   PAD
    0x200034c0   0x00000060   Zero   RW         1078    .bss                c_w.l(libspace.o)
    0x20003520   0x00000000   Zero   RW            2    HEAP                startup.o
    0x20003520   0x00000400   Zero   RW            1    STACK               startup.o


==============================================================================

Image component sizes


      Code (inc. data)   RO Data    RW Data    ZI Data      Debug   Object Name

       124         30          0          0          0        845   dac.o
      2566        194          0         13          0      18301   diskio.o
      4934         56          0          6          0      25312   ff.o
       168         34          0          6          0       1837   fifo.o
       124          6          0          0          0        443   pll.o
       954        184         49         25       1660       7661   sdcfile.o
       158         26          0      11044        682       2142   sound.o
      1326        152       2018         44          0      10652   st7735.o
       692        632          0          0       1024        964   startup.o
        52          8          0          1          0        632   timer1.o
       348         50          0          8          0       1898   uart.o

    ----------------------------------------------------------------------
     11464       1372       2100      11160       3368      70687   Object Totals
         0          0         32          0          0          0   (incl. Generated)
        18          0          1         13          2          0   (incl. Padding)

    ----------------------------------------------------------------------

      Code (inc. data)   RO Data    RW Data    ZI Data      Debug   Library Member Name

       100          0          0          0          0          0   __dclz77c.o
         8          0          0          0          0         68   __main.o
        52          8          0          0          0          0   __scatter.o
        28          0          0          0          0          0   __scatter_zi.o
        12          0          0          0          0         72   exit.o
         6          0          0          0          0        152   heapauxi.o
         0          0          0          0          0          0   indicate_semi.o
         2          0          0          0          0          0   libinit.o
         2          0          0          0          0          0   libinit2.o
         2          0          0          0          0          0   libshutdown.o
         2          0          0          0          0          0   libshutdown2.o
         8          4          0          0         96         68   libspace.o
         0          0          0          0          0          0   rtentry.o
        12          0          0          0          0          0   rtentry2.o
         6          0          0          0          0          0   rtentry4.o
         2          0          0          0          0          0   rtexit.o
        10          0          0          0          0          0   rtexit2.o
        12          4          0          0          0         68   sys_exit.o
        74          0          0          0          0         80   sys_stackheap_outer.o
         2          0          0          0          0         68   use_no_semi.o

    ----------------------------------------------------------------------
       344         16          0          0         96        576   Library Totals
         4          0          0          0          0          0   (incl. Padding)

    ----------------------------------------------------------------------

      Code (inc. data)   RO Data    RW Data    ZI Data      Debug   Library Name

       340         16          0          0         96        576   c_w.l

    ----------------------------------------------------------------------
       344         16          0          0         96        576   Library Totals

    ----------------------------------------------------------------------

==============================================================================


      Code (inc. data)   RO Data    RW Data    ZI Data      Debug   

     11808       1388       2100      11160       3464      66583   Grand Totals
     11808       1388       2100       8028       3464      66583   ELF Image Totals (compressed)
     11808       1388       2100       8028          0          0   ROM Totals

==============================================================================

    Total RO  Size (Code + RO Data)                13908 (  13.58kB)
    Total RW  Size (RW Data + ZI Data)             14624 (  14.28kB)
    Total ROM Size (Code + RO Data + RW Data)      21936 (  21.42kB)

==============================================================================

